***********************************************************************
*
*	CODE GENERATION LISTING FOR: GateOpener
*	COMPILER VERSION: 5.22.0.39
*
***********************************************************************

**************************************************
	CODE GENERATOR SUBROUTINES
**************************************************

$$MOD:
3001E4B0  FB90 F3F1		sdiv r3, r0, r1
3001E4B4  4359     		mul r1, r1, r3
3001E4B6  EBC1 0000		rsb r0, r1, r0
3001E4BA  4770     		bx lr

$$MOD_U:
3001E4BC  FBB0 F3F1		udiv r3, r0, r1
3001E4C0  4359     		mul r1, r1, r3
3001E4C2  EBC1 0000		rsb r0, r1, r0
3001E4C6  4770     		bx lr

**************************************************
	List program: GateControl
**************************************************

PROGRAM GateControl

END_PROGRAM

3001E4D0  B082     		sub sp, sp, #8
3001E4D2  F8CD E000		str lr, [sp]
3001E4D6  E92D 0FF0		stmdb sp!, { r4, r5, r6, r7, r8, r9, r10, r11 }

#0		{SRC:GateControl}
#1		(*$WAITSWITCH$*)
#2		
#3			(* RF_Pulse := RF_Input AND NOT RF_Last; *)
#4			LD		RF_Last	{LNXT:20|21|-1}
(*) UNDEF
3001E4DA  F8DF 7340		ldr r7, [pc, #+832] ; 0x200002A5
3001E4DE  7838     		ldrb r0, [r7]

#5			NOT	{LNXT:20|21|-1}
(*) BOOL
3001E4E0  2800     		cmp r0, #0
3001E4E2  BF08 2001		eqmov r0, #1
3001E4E6  BF18 2000		nemov r0, #0

#6			AND		RF_Input	{LNXT:20|21|-1}
(*) BOOL
3001E4EA  F8DF 7364		ldr r7, [pc, #+868] ; 0x2401E4F0
3001E4EE  783F     		ldrb r7, [r7]
3001E4F0  4038     		and r0, r0, r7

#7			ST		RF_Pulse	{LNXT:20|21|-1}
(*) BOOL
3001E4F2  F8DF 732C		ldr r7, [pc, #+812] ; 0x200002A6
3001E4F6  7038     		strb r0, [r7]

#8		
#9			(* RF_Last := RF_Input; *)
#10			MOVE		RF_Input,RF_Last	{LNXT:21|24|-1}
(*) BOOL
3001E4F8  F8DF 7354		ldr r7, [pc, #+852] ; 0x2401E4F0
3001E4FC  7838     		ldrb r0, [r7]
3001E4FE  F8DF 731C		ldr r7, [pc, #+796] ; 0x200002A5
3001E502  7038     		strb r0, [r7]

#11		
#12		
#13			(* IF RF_Pulse *)
#14			LD		RF_Pulse	{LNXT:24|-1|-1}
(*) UNDEF
3001E504  F8DF 7318		ldr r7, [pc, #+792] ; 0x200002A6
3001E508  7838     		ldrb r0, [r7]

#15			JMPCN	$label0	{LNXT:24|25|30}
(-) BOOL
3001E50A  2800     		cmp r0, #0
3001E50C  D004     		beq #8 ; 0x3001E518


#16		
#17			(* THEN *)
#18		
#19				(* RF_Latched := TRUE; *)
#20				MOVE		TRUE,RF_Latched	{LNXT:25|30|-1}
(*) BOOL
3001E510  2001     		mov r0, #1 ; 1
3001E512  F8DF 7334		ldr r7, [pc, #+820] ; 0x200002C0
3001E516  7038     		strb r0, [r7]

#21		
#22		$label0:
#23			(* END_IF *)
#24		
#25			(* TickCount := TickCount + 1; *)
#26			LD		TickCount	{LNXT:30|32|-1}
(*) UNDEF
3001E518  F8DF 7308		ldr r7, [pc, #+776] ; 0x200002A8
3001E51C  F9B7 0000		ldrsh r0, [r7]

#27			ADD		1	{LNXT:30|32|-1}
(-) INT
3001E520  1C40     		add r0, r0, #1

#28			ST		TickCount	{LNXT:30|32|-1}
(*) INT
3001E522  F8DF 7300		ldr r7, [pc, #+768] ; 0x200002A8
3001E526  8038     		strh r0, [r7]

#29		
#30		
#31			(* IF TickCount >= UnitTicks *)
#32			LD		TickCount	{LNXT:32|-1|-1}
(*) UNDEF
3001E528  F8DF 72F8		ldr r7, [pc, #+760] ; 0x200002A8
3001E52C  F9B7 0000		ldrsh r0, [r7]

#33			GE		UnitTicks	{LNXT:32|-1|-1}
(*) INT
3001E530  F8DF 72F4		ldr r7, [pc, #+756] ; 0x200002AA
3001E534  F9B7 7000		ldrsh r7, [r7]
3001E538  42B8     		cmp r0, r7
3001E53A  BFB8 2000		ltmov r0, #0
3001E53E  BFA8 2001		gemov r0, #1

#34			JMPCN	$label1	{LNXT:32|33|120}
(-) BOOL
3001E542  2800     		cmp r0, #0
3001E544  F000 812E		beq #604 ; 0x3001E7A4


#35		
#36			(* THEN *)
#37		
#38				(* TickCount := 0; *)
#39				MOVE		0,TickCount	{LNXT:33|37|-1}
(*) BOOL
3001E548  2000     		mov r0, #0 ; 0
3001E54A  F8DF 72D8		ldr r7, [pc, #+728] ; 0x200002A8
3001E54E  8038     		strh r0, [r7]

#40		
#41		
#42				(* IF RF_Latched *)
#43				LD		RF_Latched	{LNXT:37|-1|-1}
(*) UNDEF
3001E550  F8DF 72F4		ldr r7, [pc, #+756] ; 0x200002C0
3001E554  7838     		ldrb r0, [r7]

#44				JMPCN	$label2	{LNXT:37|38|75}
(-) BOOL
3001E556  2800     		cmp r0, #0
3001E558  D07A     		beq #244 ; 0x3001E650


#45		
#46				(* THEN *)
#47		
#48					(* RF_Latched := FALSE; *)
#49					MOVE		FALSE,RF_Latched	{LNXT:38|41|-1}
(*) BOOL
3001E55C  2000     		mov r0, #0 ; 0
3001E55E  F8DF 72E8		ldr r7, [pc, #+744] ; 0x200002C0
3001E562  7038     		strb r0, [r7]

#50		
#51		
#52					(* CASE GateState OF *)
#53		
#54					(* 0: *)
#55					LD		GateState	{LNXT:42|-1|-1}
(*) UNDEF
3001E564  F8DF 72C4		ldr r7, [pc, #+708] ; 0x200002AC
3001E568  F9B7 0000		ldrsh r0, [r7]

#56					EQ		0	{LNXT:42|-1|-1}
(*) INT
3001E56C  2800     		cmp r0, #0
3001E56E  BF18 2000		nemov r0, #0
3001E572  BF08 2001		eqmov r0, #1

#57					JMPC		$label4	{LNXT:42|44|55}
(-) BOOL
3001E576  2800     		cmp r0, #0
3001E578  D126     		bne #76 ; 0x3001E5C8


#58		
#59					(* 1: *)
#60					LD		GateState	{LNXT:55|-1|-1}
(*) UNDEF
3001E57C  F8DF 72AC		ldr r7, [pc, #+684] ; 0x200002AC
3001E580  F9B7 0000		ldrsh r0, [r7]

#61					EQ		1	{LNXT:55|-1|-1}
(*) INT
3001E584  2801     		cmp r0, #1
3001E586  BF18 2000		nemov r0, #0
3001E58A  BF08 2001		eqmov r0, #1

#62					JMPC		$label5	{LNXT:55|56|61}
(-) BOOL
3001E58E  2800     		cmp r0, #0
3001E590  D13E     		bne #124 ; 0x3001E610


#63		
#64					(* 2: *)
#65					LD		GateState	{LNXT:61|-1|-1}
(*) UNDEF
3001E594  F8DF 7294		ldr r7, [pc, #+660] ; 0x200002AC
3001E598  F9B7 0000		ldrsh r0, [r7]

#66					EQ		2	{LNXT:61|-1|-1}
(*) INT
3001E59C  2802     		cmp r0, #2
3001E59E  BF18 2000		nemov r0, #0
3001E5A2  BF08 2001		eqmov r0, #1

#67					JMPC		$label6	{LNXT:61|62|66}
(-) BOOL
3001E5A6  2800     		cmp r0, #0
3001E5A8  D140     		bne #128 ; 0x3001E62C


#68		
#69					(* 3: *)
#70					LD		GateState	{LNXT:66|-1|-1}
(*) UNDEF
3001E5AC  F8DF 727C		ldr r7, [pc, #+636] ; 0x200002AC
3001E5B0  F9B7 0000		ldrsh r0, [r7]

#71					EQ		3	{LNXT:66|-1|-1}
(*) INT
3001E5B4  2803     		cmp r0, #3
3001E5B6  BF18 2000		nemov r0, #0
3001E5BA  BF08 2001		eqmov r0, #1

#72					JMPC		$label7	{LNXT:66|67|75}
(-) BOOL
3001E5BE  2800     		cmp r0, #0
3001E5C0  D13E     		bne #124 ; 0x3001E640


#73					JMP		$label3	{LNXT:66|67|75}
(-) BOOL
3001E5C4  E044     		b #136 ; 0x3001E650


#74		
#75					(* Istruzioni di ciascun CASE: *)
#76		
#77		$label4:
#78		
#79						(* IF LastDir = 1 *)
#80						LD		LastDir	{LNXT:44|-1|-1}
(*) UNDEF
3001E5C8  F8DF 7270		ldr r7, [pc, #+624] ; 0x200002B4
3001E5CC  F9B7 0000		ldrsh r0, [r7]

#81						EQ		1	{LNXT:44|-1|-1}
(*) INT
3001E5D0  2801     		cmp r0, #1
3001E5D2  BF18 2000		nemov r0, #0
3001E5D6  BF08 2001		eqmov r0, #1

#82						JMPCN	$label8	{LNXT:44|45|47}
(-) BOOL
3001E5DA  2800     		cmp r0, #0
3001E5DC  D006     		beq #12 ; 0x3001E5EC


#83		
#84						(* THEN *)
#85		
#86							(* NextDir := 2; *)
#87							MOVE		2,NextDir	{LNXT:45|50|-1}
(*) BOOL
3001E5E0  2002     		mov r0, #2 ; 2
3001E5E2  F8DF 7268		ldr r7, [pc, #+616] ; 0x200002C2
3001E5E6  8038     		strh r0, [r7]

#88							JMP		$label9	{LNXT:44|45|47}
(-) INT
3001E5E8  E004     		b #8 ; 0x3001E5F4


#89		$label8:
#90		
#91						(* ELSE *)
#92		
#93							(* NextDir := 1; *)
#94							MOVE		1,NextDir	{LNXT:47|50|-1}
(*) INT
3001E5EC  2001     		mov r0, #1 ; 1
3001E5EE  F8DF 725C		ldr r7, [pc, #+604] ; 0x200002C2
3001E5F2  8038     		strh r0, [r7]

#95		
#96		$label9:
#97						(* END_IF *)
#98		
#99						(* GateState := 1; *)
#100						MOVE		1,GateState	{LNXT:50|51|-1}
(*) INT
3001E5F4  2001     		mov r0, #1 ; 1
3001E5F6  F8DF 7234		ldr r7, [pc, #+564] ; 0x200002AC
3001E5FA  8038     		strh r0, [r7]

#101		
#102						(* DeadUnits := 0; *)
#103						MOVE		0,DeadUnits	{LNXT:51|52|-1}
(*) INT
3001E5FC  2000     		mov r0, #0 ; 0
3001E5FE  F8DF 7230		ldr r7, [pc, #+560] ; 0x200002AE
3001E602  8038     		strh r0, [r7]

#104		
#105						(* MoveUnits := 0; *)
#106						MOVE		0,MoveUnits	{LNXT:52|75|-1}
(*) INT
3001E604  2000     		mov r0, #0 ; 0
3001E606  F8DF 722C		ldr r7, [pc, #+556] ; 0x200002B0
3001E60A  8038     		strh r0, [r7]

#107						JMP		$label3	{LNXT:1|75|-1}
(-) INT
3001E60C  E020     		b #64 ; 0x3001E650


#108		
#109		$label5:
#110						(* GateState := 0; *)
#111						MOVE		0,GateState	{LNXT:56|57|-1}
(*) INT
3001E610  2000     		mov r0, #0 ; 0
3001E612  F8DF 7218		ldr r7, [pc, #+536] ; 0x200002AC
3001E616  8038     		strh r0, [r7]

#112		
#113						(* DeadUnits := 0; *)
#114						MOVE		0,DeadUnits	{LNXT:57|58|-1}
(*) INT
3001E618  2000     		mov r0, #0 ; 0
3001E61A  F8DF 7214		ldr r7, [pc, #+532] ; 0x200002AE
3001E61E  8038     		strh r0, [r7]

#115		
#116						(* MoveUnits := 0; *)
#117						MOVE		0,MoveUnits	{LNXT:58|75|-1}
(*) INT
3001E620  2000     		mov r0, #0 ; 0
3001E622  F8DF 7210		ldr r7, [pc, #+528] ; 0x200002B0
3001E626  8038     		strh r0, [r7]

#118						JMP		$label3	{LNXT:56|75|-1}
(-) INT
3001E628  E012     		b #36 ; 0x3001E650


#119		
#120		$label6:
#121						(* GateState := 0; *)
#122						MOVE		0,GateState	{LNXT:62|63|-1}
(*) INT
3001E62C  2000     		mov r0, #0 ; 0
3001E62E  F8DF 71FC		ldr r7, [pc, #+508] ; 0x200002AC
3001E632  8038     		strh r0, [r7]

#123		
#124						(* MoveUnits := 0; *)
#125						MOVE		0,MoveUnits	{LNXT:63|75|-1}
(*) INT
3001E634  2000     		mov r0, #0 ; 0
3001E636  F8DF 71FC		ldr r7, [pc, #+508] ; 0x200002B0
3001E63A  8038     		strh r0, [r7]

#126						JMP		$label3	{LNXT:62|75|-1}
(-) INT
3001E63C  E008     		b #16 ; 0x3001E650


#127		
#128		$label7:
#129						(* GateState := 0; *)
#130						MOVE		0,GateState	{LNXT:67|68|-1}
(*) INT
3001E640  2000     		mov r0, #0 ; 0
3001E642  F8DF 71E8		ldr r7, [pc, #+488] ; 0x200002AC
3001E646  8038     		strh r0, [r7]

#131		
#132						(* MoveUnits := 0; *)
#133						MOVE		0,MoveUnits	{LNXT:68|75|-1}
(*) INT
3001E648  2000     		mov r0, #0 ; 0
3001E64A  F8DF 71E8		ldr r7, [pc, #+488] ; 0x200002B0
3001E64E  8038     		strh r0, [r7]

#134		
#135		$label3:
#136		
#137					(* END_CASE *)
#138		
#139		$label2:
#140				(* END_IF *)
#141		
#142		
#143				(* IF GateState = 1 *)
#144				LD		GateState	{LNXT:75|-1|-1}
(*) UNDEF
3001E650  F8DF 71D8		ldr r7, [pc, #+472] ; 0x200002AC
3001E654  F9B7 0000		ldrsh r0, [r7]

#145				EQ		1	{LNXT:75|-1|-1}
(*) INT
3001E658  2801     		cmp r0, #1
3001E65A  BF18 2000		nemov r0, #0
3001E65E  BF08 2001		eqmov r0, #1

#146				JMPCN	$label10	{LNXT:75|76|95}
(-) BOOL
3001E662  2800     		cmp r0, #0
3001E664  D03E     		beq #124 ; 0x3001E6E4


#147		
#148				(* THEN *)
#149		
#150					(* DeadUnits := DeadUnits + 1; *)
#151					LD		DeadUnits	{LNXT:76|78|-1}
(*) UNDEF
3001E668  F8DF 71C4		ldr r7, [pc, #+452] ; 0x200002AE
3001E66C  F9B7 0000		ldrsh r0, [r7]

#152					ADD		1	{LNXT:76|78|-1}
(-) INT
3001E670  1C40     		add r0, r0, #1

#153					ST		DeadUnits	{LNXT:76|78|-1}
(*) INT
3001E672  F8DF 71BC		ldr r7, [pc, #+444] ; 0x200002AE
3001E676  8038     		strh r0, [r7]

#154		
#155		
#156					(* IF DeadUnits >= DeadTimeUnits *)
#157					LD		DeadUnits	{LNXT:78|-1|-1}
(*) UNDEF
3001E678  F8DF 71B4		ldr r7, [pc, #+436] ; 0x200002AE
3001E67C  F9B7 0000		ldrsh r0, [r7]

#158					GE		DeadTimeUnits	{LNXT:78|-1|-1}
(*) INT
3001E680  F8DF 71B4		ldr r7, [pc, #+436] ; 0x200002B2
3001E684  F9B7 7000		ldrsh r7, [r7]
3001E688  42B8     		cmp r0, r7
3001E68A  BFB8 2000		ltmov r0, #0
3001E68E  BFA8 2001		gemov r0, #1

#159					JMPCN	$label11	{LNXT:78|79|95}
(-) BOOL
3001E692  2800     		cmp r0, #0
3001E694  D026     		beq #76 ; 0x3001E6E4


#160		
#161					(* THEN *)
#162		
#163						(* DeadUnits := 0; *)
#164						MOVE		0,DeadUnits	{LNXT:79|80|-1}
(*) BOOL
3001E698  2000     		mov r0, #0 ; 0
3001E69A  F8DF 7194		ldr r7, [pc, #+404] ; 0x200002AE
3001E69E  8038     		strh r0, [r7]

#165		
#166						(* MoveUnits := 0; *)
#167						MOVE		0,MoveUnits	{LNXT:80|82|-1}
(*) INT
3001E6A0  2000     		mov r0, #0 ; 0
3001E6A2  F8DF 7190		ldr r7, [pc, #+400] ; 0x200002B0
3001E6A6  8038     		strh r0, [r7]

#168		
#169		
#170						(* IF NextDir = 1 *)
#171						LD		NextDir	{LNXT:82|-1|-1}
(*) UNDEF
3001E6A8  F8DF 71A0		ldr r7, [pc, #+416] ; 0x200002C2
3001E6AC  F9B7 0000		ldrsh r0, [r7]

#172						EQ		1	{LNXT:82|-1|-1}
(*) INT
3001E6B0  2801     		cmp r0, #1
3001E6B2  BF18 2000		nemov r0, #0
3001E6B6  BF08 2001		eqmov r0, #1

#173						JMPCN	$label12	{LNXT:82|83|86}
(-) BOOL
3001E6BA  2800     		cmp r0, #0
3001E6BC  D00A     		beq #20 ; 0x3001E6D4


#174		
#175						(* THEN *)
#176		
#177							(* GateState := 2; *)
#178							MOVE		2,GateState	{LNXT:83|84|-1}
(*) BOOL
3001E6C0  2002     		mov r0, #2 ; 2
3001E6C2  F8DF 7168		ldr r7, [pc, #+360] ; 0x200002AC
3001E6C6  8038     		strh r0, [r7]

#179		
#180							(* LastDir := 1; *)
#181							MOVE		1,LastDir	{LNXT:84|95|-1}
(*) INT
3001E6C8  2001     		mov r0, #1 ; 1
3001E6CA  F8DF 7170		ldr r7, [pc, #+368] ; 0x200002B4
3001E6CE  8038     		strh r0, [r7]

#182							JMP		$label13	{LNXT:82|83|86}
(-) INT
3001E6D0  E008     		b #16 ; 0x3001E6E4


#183		$label12:
#184		
#185						(* ELSE *)
#186		
#187							(* GateState := 3; *)
#188							MOVE		3,GateState	{LNXT:86|87|-1}
(*) INT
3001E6D4  2003     		mov r0, #3 ; 3
3001E6D6  F8DF 7154		ldr r7, [pc, #+340] ; 0x200002AC
3001E6DA  8038     		strh r0, [r7]

#189		
#190							(* LastDir := 2; *)
#191							MOVE		2,LastDir	{LNXT:87|95|-1}
(*) INT
3001E6DC  2002     		mov r0, #2 ; 2
3001E6DE  F8DF 715C		ldr r7, [pc, #+348] ; 0x200002B4
3001E6E2  8038     		strh r0, [r7]

#192		
#193		$label13:
#194						(* END_IF *)
#195		
#196		$label11:
#197					(* END_IF *)
#198		
#199		$label10:
#200				(* END_IF *)
#201		
#202		
#203				(* IF GateState = 2 *)
#204				LD		GateState	{LNXT:95|-1|-1}
(*) UNDEF
3001E6E4  F8DF 7144		ldr r7, [pc, #+324] ; 0x200002AC
3001E6E8  F9B7 0000		ldrsh r0, [r7]

#205				EQ		2	{LNXT:95|-1|-1}
(*) INT
3001E6EC  2802     		cmp r0, #2
3001E6EE  BF18 2000		nemov r0, #0
3001E6F2  BF08 2001		eqmov r0, #1

#206				JMPCN	$label14	{LNXT:95|96|103}
(-) BOOL
3001E6F6  2800     		cmp r0, #0
3001E6F8  D022     		beq #68 ; 0x3001E740


#207		
#208				(* THEN *)
#209		
#210					(* MoveUnits := MoveUnits + 1; *)
#211					LD		MoveUnits	{LNXT:96|98|-1}
(*) UNDEF
3001E6FC  F8DF 7134		ldr r7, [pc, #+308] ; 0x200002B0
3001E700  F9B7 0000		ldrsh r0, [r7]

#212					ADD		1	{LNXT:96|98|-1}
(-) INT
3001E704  1C40     		add r0, r0, #1

#213					ST		MoveUnits	{LNXT:96|98|-1}
(*) INT
3001E706  F8DF 712C		ldr r7, [pc, #+300] ; 0x200002B0
3001E70A  8038     		strh r0, [r7]

#214		
#215		
#216					(* IF MoveUnits >= OpenTimeUnits *)
#217					LD		MoveUnits	{LNXT:98|-1|-1}
(*) UNDEF
3001E70C  F8DF 7124		ldr r7, [pc, #+292] ; 0x200002B0
3001E710  F9B7 0000		ldrsh r0, [r7]

#218					GE		OpenTimeUnits	{LNXT:98|-1|-1}
(*) INT
3001E714  F8DF 7128		ldr r7, [pc, #+296] ; 0x200002B6
3001E718  F9B7 7000		ldrsh r7, [r7]
3001E71C  42B8     		cmp r0, r7
3001E71E  BFB8 2000		ltmov r0, #0
3001E722  BFA8 2001		gemov r0, #1

#219					JMPCN	$label17	{LNXT:98|99|120}
(-) BOOL
3001E726  2800     		cmp r0, #0
3001E728  D008     		beq #16 ; 0x3001E73C


#220		
#221					(* THEN *)
#222		
#223						(* GateState := 0; *)
#224						MOVE		0,GateState	{LNXT:99|100|-1}
(*) BOOL
3001E72C  2000     		mov r0, #0 ; 0
3001E72E  F8DF 70FC		ldr r7, [pc, #+252] ; 0x200002AC
3001E732  8038     		strh r0, [r7]

#225		
#226						(* MoveUnits := 0; *)
#227						MOVE		0,MoveUnits	{LNXT:100|120|-1}
(*) INT
3001E734  2000     		mov r0, #0 ; 0
3001E736  F8DF 70FC		ldr r7, [pc, #+252] ; 0x200002B0
3001E73A  8038     		strh r0, [r7]

#228		
#229		$label17:
#230					(* END_IF *)
#231					JMP		$label16	{LNXT:95|96|103}
(-) INT
3001E73C  E032     		b #100 ; 0x3001E7A4


#232		$label14:
#233		
#234				(* ELSIF GateState = 3 *)
#235				LD		GateState	{LNXT:103|-1|-1}
(*) UNDEF
3001E740  F8DF 70E8		ldr r7, [pc, #+232] ; 0x200002AC
3001E744  F9B7 0000		ldrsh r0, [r7]

#236				EQ		3	{LNXT:103|-1|-1}
(*) INT
3001E748  2803     		cmp r0, #3
3001E74A  BF18 2000		nemov r0, #0
3001E74E  BF08 2001		eqmov r0, #1

#237				JMPCN	$label15	{LNXT:103|104|112}
(-) BOOL
3001E752  2800     		cmp r0, #0
3001E754  D022     		beq #68 ; 0x3001E79C


#238		
#239				(* THEN *)
#240		
#241					(* MoveUnits := MoveUnits + 1; *)
#242					LD		MoveUnits	{LNXT:104|106|-1}
(*) UNDEF
3001E758  F8DF 70D8		ldr r7, [pc, #+216] ; 0x200002B0
3001E75C  F9B7 0000		ldrsh r0, [r7]

#243					ADD		1	{LNXT:104|106|-1}
(-) INT
3001E760  1C40     		add r0, r0, #1

#244					ST		MoveUnits	{LNXT:104|106|-1}
(*) INT
3001E762  F8DF 70D0		ldr r7, [pc, #+208] ; 0x200002B0
3001E766  8038     		strh r0, [r7]

#245		
#246		
#247					(* IF MoveUnits >= CloseTimeUnits *)
#248					LD		MoveUnits	{LNXT:106|-1|-1}
(*) UNDEF
3001E768  F8DF 70C8		ldr r7, [pc, #+200] ; 0x200002B0
3001E76C  F9B7 0000		ldrsh r0, [r7]

#249					GE		CloseTimeUnits	{LNXT:106|-1|-1}
(*) INT
3001E770  F8DF 70D0		ldr r7, [pc, #+208] ; 0x200002B8
3001E774  F9B7 7000		ldrsh r7, [r7]
3001E778  42B8     		cmp r0, r7
3001E77A  BFB8 2000		ltmov r0, #0
3001E77E  BFA8 2001		gemov r0, #1

#250					JMPCN	$label18	{LNXT:106|107|120}
(-) BOOL
3001E782  2800     		cmp r0, #0
3001E784  D008     		beq #16 ; 0x3001E798


#251		
#252					(* THEN *)
#253		
#254						(* GateState := 0; *)
#255						MOVE		0,GateState	{LNXT:107|108|-1}
(*) BOOL
3001E788  2000     		mov r0, #0 ; 0
3001E78A  F8DF 70A0		ldr r7, [pc, #+160] ; 0x200002AC
3001E78E  8038     		strh r0, [r7]

#256		
#257						(* MoveUnits := 0; *)
#258						MOVE		0,MoveUnits	{LNXT:108|120|-1}
(*) INT
3001E790  2000     		mov r0, #0 ; 0
3001E792  F8DF 70A0		ldr r7, [pc, #+160] ; 0x200002B0
3001E796  8038     		strh r0, [r7]

#259		
#260		$label18:
#261					(* END_IF *)
#262					JMP		$label16	{LNXT:103|104|112}
(-) INT
3001E798  E004     		b #8 ; 0x3001E7A4


#263		$label15:
#264		
#265				(* ELSE *)
#266		
#267					(* MoveUnits := 0; *)
#268					MOVE		0,MoveUnits	{LNXT:112|120|-1}
(*) INT
3001E79C  2000     		mov r0, #0 ; 0
3001E79E  F8DF 7094		ldr r7, [pc, #+148] ; 0x200002B0
3001E7A2  8038     		strh r0, [r7]

#269		
#270		$label16:
#271				(* END_IF *)
#272		
#273		$label1:
#274			(* END_IF *)
#275		
#276		
#277			(* CASE GateState OF *)
#278		
#279			(* 2: *)
#280			LD		GateState	{LNXT:121|-1|-1}
(*) UNDEF
3001E7A4  F8DF 7084		ldr r7, [pc, #+132] ; 0x200002AC
3001E7A8  F9B7 0000		ldrsh r0, [r7]

#281			EQ		2	{LNXT:121|-1|-1}
(*) INT
3001E7AC  2802     		cmp r0, #2
3001E7AE  BF18 2000		nemov r0, #0
3001E7B2  BF08 2001		eqmov r0, #1

#282			JMPC		$label20	{LNXT:121|122|125}
(-) BOOL
3001E7B6  2800     		cmp r0, #0
3001E7B8  D10E     		bne #28 ; 0x3001E7D8


#283		
#284			(* 3: *)
#285			LD		GateState	{LNXT:125|-1|-1}
(*) UNDEF
3001E7BC  F8DF 706C		ldr r7, [pc, #+108] ; 0x200002AC
3001E7C0  F9B7 0000		ldrsh r0, [r7]

#286			EQ		3	{LNXT:125|-1|-1}
(*) INT
3001E7C4  2803     		cmp r0, #3
3001E7C6  BF18 2000		nemov r0, #0
3001E7CA  BF08 2001		eqmov r0, #1

#287			JMPC		$label21	{LNXT:125|126|130}
(-) BOOL
3001E7CE  2800     		cmp r0, #0
3001E7D0  D10C     		bne #24 ; 0x3001E7EC


#288		
#289			(* ELSE *)
#290			JMP		$label22	{LNXT:125|126|130}
(-) BOOL
3001E7D4  E014     		b #40 ; 0x3001E800


#291		
#292			(* Istruzioni di ciascun CASE: *)
#293		
#294		$label20:
#295				(* OpenRelay := TRUE; *)
#296				MOVE		TRUE,OpenRelay	{LNXT:122|123|-1}
(*) BOOL
3001E7D8  2001     		mov r0, #1 ; 1
3001E7DA  F8DF 7078		ldr r7, [pc, #+120] ; 0x2401E70C
3001E7DE  7038     		strb r0, [r7]

#297		
#298				(* CloseRelay := FALSE; *)
#299				MOVE		FALSE,CloseRelay	{LNXT:123|20|-1}
(*) BOOL
3001E7E0  2000     		mov r0, #0 ; 0
3001E7E2  F8DF 7074		ldr r7, [pc, #+116] ; 0x2401E70D
3001E7E6  7038     		strb r0, [r7]

#300				JMP		$label19	{LNXT:122|20|-1}
(-) BOOL
3001E7E8  E012     		b #36 ; 0x3001E810


#301		
#302		$label21:
#303				(* OpenRelay := FALSE; *)
#304				MOVE		FALSE,OpenRelay	{LNXT:126|127|-1}
(*) BOOL
3001E7EC  2000     		mov r0, #0 ; 0
3001E7EE  F8DF 7064		ldr r7, [pc, #+100] ; 0x2401E70C
3001E7F2  7038     		strb r0, [r7]

#305		
#306				(* CloseRelay := TRUE; *)
#307				MOVE		TRUE,CloseRelay	{LNXT:127|20|-1}
(*) BOOL
3001E7F4  2001     		mov r0, #1 ; 1
3001E7F6  F8DF 7060		ldr r7, [pc, #+96] ; 0x2401E70D
3001E7FA  7038     		strb r0, [r7]

#308				JMP		$label19	{LNXT:126|20|-1}
(-) BOOL
3001E7FC  E008     		b #16 ; 0x3001E810


#309		
#310		$label22:
#311				(* OpenRelay := FALSE; *)
#312				MOVE		FALSE,OpenRelay	{LNXT:130|131|-1}
(*) BOOL
3001E800  2000     		mov r0, #0 ; 0
3001E802  F8DF 7050		ldr r7, [pc, #+80] ; 0x2401E70C
3001E806  7038     		strb r0, [r7]

#313		
#314				(* CloseRelay := FALSE; *)
#315				MOVE		FALSE,CloseRelay	{LNXT:131|20|-1}
(*) BOOL
3001E808  2000     		mov r0, #0 ; 0
3001E80A  F8DF 704C		ldr r7, [pc, #+76] ; 0x2401E70D
3001E80E  7038     		strb r0, [r7]

3001E810  E8BD 0FF0		ldmia sp!, { r4, r5, r6, r7, r8, r9, r10, r11 }
3001E814  F8DD E000		ldr lr, [sp]
3001E818  B002     		add sp, sp, #8

3001E81A  4770     		bx lr

3001E81C  200002A5		; 0x200002A5
3001E820  200002A6		; 0x200002A6
3001E824  200002A8		; 0x200002A8
3001E828  200002AA		; 0x200002AA
3001E82C  200002AC		; 0x200002AC
3001E830  200002AE		; 0x200002AE
3001E834  200002B0		; 0x200002B0
3001E838  200002B2		; 0x200002B2
3001E83C  200002B4		; 0x200002B4
3001E840  200002B6		; 0x200002B6
3001E844  200002B8		; 0x200002B8
3001E848  200002C0		; 0x200002C0
3001E84C  200002C2		; 0x200002C2
3001E850  FFFFFFFF		; 0x2401E4F0
3001E854  FFFFFFFF		; 0x2401E70C
3001E858  FFFFFFFF		; 0x2401E70D

END_PROGRAM


**************************************************
	Target variable image generation
**************************************************


*** INPUT:
3001E85C  4770     		bx lr


*** OUTPUT:
3001E85E  4770     		bx lr



**************************************************
	Task Fast init code
**************************************************

3001E860  B082     		sub sp, sp, #8
3001E862  F8CD E000		str lr, [sp]
3001E866  E92D 0FF0		stmdb sp!, { r4, r5, r6, r7, r8, r9, r10, r11 }

3001E86A  E8BD 0FF0		ldmia sp!, { r4, r5, r6, r7, r8, r9, r10, r11 }
3001E86E  F8DD E000		ldr lr, [sp]
3001E872  B002     		add sp, sp, #8

3001E874  4770     		bx lr

**************************************************
	List program: InitParDB
**************************************************

PROGRAM InitParDB

        VAR
warningsKiller : USINT;
dummyCrc32 : UDINT;
	END_VAR

END_PROGRAM

3001E890  B082     		sub sp, sp, #8
3001E892  F8CD E000		str lr, [sp]
3001E896  E92D 0FF0		stmdb sp!, { r4, r5, r6, r7, r8, r9, r10, r11 }

#0		{SRC:InitParDB}
#1		(*$WAITSWITCH$*)
#2		
#3			(* dummyCrc32 := 0; *)
#4			MOVE		0,dummyCrc32	{LNXT:3|5|-1}
(*) UDINT
3001E89A  2000     		mov r0, #0 ; 0
3001E89C  F8DF 7058		ldr r7, [pc, #+88] ; 0x200002BC
3001E8A0  6038     		str r0, [r7]

#5		
#6			(* warningsKiller := sysDBase_SetExtTable( TO_DWORD( 0 ), 0, 0, 0, 0, 0, 0, 0, 0, 0, 0 ); *)
#7			LDP0		0	{LNXT:5|3|-1}
(-) UDINT
#8			TO_DWORD	{LNXT:5|3|-1}
(-) USINT
3001E8A2  2000     		mov r0, #0 ; 0

#9			sysDBase_SetExtTable		0, 0, 0, 0, 0, 0, 0, 0, 0, 0	{LNXT:5|3|-1}
(*) DWORD
3001E8A4  B088     		sub sp, sp, #32
3001E8A6  2700     		mov r7, #0 ; 0
3001E8A8  4639     		mov r1, r7
3001E8AA  2700     		mov r7, #0 ; 0
3001E8AC  463A     		mov r2, r7
3001E8AE  2700     		mov r7, #0 ; 0
3001E8B0  463B     		mov r3, r7
3001E8B2  2700     		mov r7, #0 ; 0
3001E8B4  F8CD 7000		str r7, [sp]
3001E8B8  2700     		mov r7, #0 ; 0
3001E8BA  F8CD 7004		str r7, [sp, #+4]
3001E8BE  2700     		mov r7, #0 ; 0
3001E8C0  F8CD 7008		str r7, [sp, #+8]
3001E8C4  2700     		mov r7, #0 ; 0
3001E8C6  F8CD 700C		str r7, [sp, #+12]
3001E8CA  2700     		mov r7, #0 ; 0
3001E8CC  F8CD 7010		str r7, [sp, #+16]
3001E8D0  2700     		mov r7, #0 ; 0
3001E8D2  F8CD 7014		str r7, [sp, #+20]
3001E8D6  2700     		mov r7, #0 ; 0
3001E8D8  F8CD 7018		str r7, [sp, #+24]
3001E8DC  F8DF 4010		ldr r4, [pc, #+16] ; 0x80768F5
3001E8E0  F044 0401		orr r4, r4, #1
3001E8E4  47A0     		blx r4
3001E8E6  B008     		add sp, sp, #32

#10			ST		warningsKiller	{LNXT:5|3|-1}
(*) USINT
3001E8E8  F8DF 7008		ldr r7, [pc, #+8] ; 0x200002A7
3001E8EC  7038     		strb r0, [r7]

3001E8EE  E005     		b #10

3001E8F0  FFFFFFFF		; 0x080768F5
3001E8F4  200002A7		; 0x200002A7
3001E8F8  200002BC		; 0x200002BC

END_PROGRAM
**************************************************
	List program: $$IOConfig
**************************************************

PROGRAM $$IOConfig

        VAR
warningsKiller : BOOL;
	END_VAR

END_PROGRAM

#0		{SRC:$$IOConfig}
#1		(*$WAITSWITCH$*)
#2		
#3			(* warningsKiller := sysCfgAnalogRes(16); *)
#4			LDP0		16	{LNXT:4|7|-1}
(-) UDINT
#5			sysCfgAnalogRes	{LNXT:4|7|-1}
(*) USINT
3001E8FC  2010     		mov r0, #16 ; 16
3001E8FE  F8DF 40BC		ldr r4, [pc, #+188] ; 0x807D611
3001E902  F044 0401		orr r4, r4, #1
3001E906  47A0     		blx r4

#6			ST		warningsKiller	{LNXT:4|7|-1}
(*) BOOL
3001E908  F8DF 70B8		ldr r7, [pc, #+184] ; 0x200002A4
3001E90C  7038     		strb r0, [r7]

#7		
#8			(* warningsKiller := sysCfgProgInput(0, 0); *)
#9			LDP0		0	{LNXT:7|8|-1}
(-) BOOL
#10			sysCfgProgInput		0	{LNXT:7|8|-1}
(*) USINT
3001E90E  2000     		mov r0, #0 ; 0
3001E910  2100     		mov r1, #0 ; 0
3001E912  F8DF 40AC		ldr r4, [pc, #+172] ; 0x807D61D
3001E916  F044 0401		orr r4, r4, #1
3001E91A  47A0     		blx r4

#11			ST		warningsKiller	{LNXT:7|8|-1}
(*) BOOL
3001E91C  F8DF 70A4		ldr r7, [pc, #+164] ; 0x200002A4
3001E920  7038     		strb r0, [r7]

#12		
#13			(* warningsKiller := sysCfgProgInput(1, 0); *)
#14			LDP0		1	{LNXT:8|9|-1}
(-) BOOL
#15			sysCfgProgInput		0	{LNXT:8|9|-1}
(*) USINT
3001E922  2001     		mov r0, #1 ; 1
3001E924  2100     		mov r1, #0 ; 0
3001E926  F8DF 4098		ldr r4, [pc, #+152] ; 0x807D61D
3001E92A  F044 0401		orr r4, r4, #1
3001E92E  47A0     		blx r4

#16			ST		warningsKiller	{LNXT:8|9|-1}
(*) BOOL
3001E930  F8DF 7090		ldr r7, [pc, #+144] ; 0x200002A4
3001E934  7038     		strb r0, [r7]

#17		
#18			(* warningsKiller := sysCfgProgInput(2, 0); *)
#19			LDP0		2	{LNXT:9|10|-1}
(-) BOOL
#20			sysCfgProgInput		0	{LNXT:9|10|-1}
(*) USINT
3001E936  2002     		mov r0, #2 ; 2
3001E938  2100     		mov r1, #0 ; 0
3001E93A  F8DF 4084		ldr r4, [pc, #+132] ; 0x807D61D
3001E93E  F044 0401		orr r4, r4, #1
3001E942  47A0     		blx r4

#21			ST		warningsKiller	{LNXT:9|10|-1}
(*) BOOL
3001E944  F8DF 707C		ldr r7, [pc, #+124] ; 0x200002A4
3001E948  7038     		strb r0, [r7]

#22		
#23			(* warningsKiller := sysCfgProgInput(3, 0); *)
#24			LDP0		3	{LNXT:10|11|-1}
(-) BOOL
#25			sysCfgProgInput		0	{LNXT:10|11|-1}
(*) USINT
3001E94A  2003     		mov r0, #3 ; 3
3001E94C  2100     		mov r1, #0 ; 0
3001E94E  F8DF 4070		ldr r4, [pc, #+112] ; 0x807D61D
3001E952  F044 0401		orr r4, r4, #1
3001E956  47A0     		blx r4

#26			ST		warningsKiller	{LNXT:10|11|-1}
(*) BOOL
3001E958  F8DF 7068		ldr r7, [pc, #+104] ; 0x200002A4
3001E95C  7038     		strb r0, [r7]

#27		
#28			(* warningsKiller := sysCfgProgInput(4, 0); *)
#29			LDP0		4	{LNXT:11|12|-1}
(-) BOOL
#30			sysCfgProgInput		0	{LNXT:11|12|-1}
(*) USINT
3001E95E  2004     		mov r0, #4 ; 4
3001E960  2100     		mov r1, #0 ; 0
3001E962  F8DF 405C		ldr r4, [pc, #+92] ; 0x807D61D
3001E966  F044 0401		orr r4, r4, #1
3001E96A  47A0     		blx r4

#31			ST		warningsKiller	{LNXT:11|12|-1}
(*) BOOL
3001E96C  F8DF 7054		ldr r7, [pc, #+84] ; 0x200002A4
3001E970  7038     		strb r0, [r7]

#32		
#33			(* warningsKiller := sysCfgProgInput(5, 0); *)
#34			LDP0		5	{LNXT:12|13|-1}
(-) BOOL
#35			sysCfgProgInput		0	{LNXT:12|13|-1}
(*) USINT
3001E972  2005     		mov r0, #5 ; 5
3001E974  2100     		mov r1, #0 ; 0
3001E976  F8DF 4048		ldr r4, [pc, #+72] ; 0x807D61D
3001E97A  F044 0401		orr r4, r4, #1
3001E97E  47A0     		blx r4

#36			ST		warningsKiller	{LNXT:12|13|-1}
(*) BOOL
3001E980  F8DF 7040		ldr r7, [pc, #+64] ; 0x200002A4
3001E984  7038     		strb r0, [r7]

#37		
#38			(* warningsKiller := sysCfgProgInput(6, 0); *)
#39			LDP0		6	{LNXT:13|14|-1}
(-) BOOL
#40			sysCfgProgInput		0	{LNXT:13|14|-1}
(*) USINT
3001E986  2006     		mov r0, #6 ; 6
3001E988  2100     		mov r1, #0 ; 0
3001E98A  F8DF 4034		ldr r4, [pc, #+52] ; 0x807D61D
3001E98E  F044 0401		orr r4, r4, #1
3001E992  47A0     		blx r4

#41			ST		warningsKiller	{LNXT:13|14|-1}
(*) BOOL
3001E994  F8DF 702C		ldr r7, [pc, #+44] ; 0x200002A4
3001E998  7038     		strb r0, [r7]

#42		
#43			(* warningsKiller := sysCfgProgInput(7, 0); *)
#44			LDP0		7	{LNXT:14|4|-1}
(-) BOOL
#45			sysCfgProgInput		0	{LNXT:14|4|-1}
(*) USINT
3001E99A  2007     		mov r0, #7 ; 7
3001E99C  2100     		mov r1, #0 ; 0
3001E99E  F8DF 4020		ldr r4, [pc, #+32] ; 0x807D61D
3001E9A2  F044 0401		orr r4, r4, #1
3001E9A6  47A0     		blx r4

#46			ST		warningsKiller	{LNXT:14|4|-1}
(*) BOOL
3001E9A8  F8DF 7018		ldr r7, [pc, #+24] ; 0x200002A4
3001E9AC  7038     		strb r0, [r7]

3001E9AE  E8BD 0FF0		ldmia sp!, { r4, r5, r6, r7, r8, r9, r10, r11 }
3001E9B2  F8DD E000		ldr lr, [sp]
3001E9B6  B002     		add sp, sp, #8

3001E9B8  4770     		bx lr

3001E9BC  FFFFFFFF		; 0x0807D611
3001E9C0  FFFFFFFF		; 0x0807D61D
3001E9C4  200002A4		; 0x200002A4

END_PROGRAM


**************************************************
	Target variable image generation
**************************************************


*** INPUT:
3001E9C8  4770     		bx lr


*** OUTPUT:
3001E9CA  4770     		bx lr



**************************************************
	Task Init init code
**************************************************

3001E9CC  B082     		sub sp, sp, #8
3001E9CE  F8CD E000		str lr, [sp]
3001E9D2  E92D 0FF0		stmdb sp!, { r4, r5, r6, r7, r8, r9, r10, r11 }

3001E9D6  E8BD 0FF0		ldmia sp!, { r4, r5, r6, r7, r8, r9, r10, r11 }
3001E9DA  F8DD E000		ldr lr, [sp]
3001E9DE  B002     		add sp, sp, #8

3001E9E0  4770     		bx lr



**************************************************
	Global init code
**************************************************

3001E9F0  B082     		sub sp, sp, #8
3001E9F2  F8CD E000		str lr, [sp]
3001E9F6  E92D 0FF0		stmdb sp!, { r4, r5, r6, r7, r8, r9, r10, r11 }

Var init: V:MAIN:UNITTICKS = 10
3001E9FA  F8DF 0050		ldr r0, [pc, #+80] ; 0xA
3001E9FE  F8DF 7054		ldr r7, [pc, #+84] ; 0x200002AA
3001EA02  8038     		strh r0, [r7]

Var init: V:MAIN:LASTDIR = 2
3001EA04  F8DF 0040		ldr r0, [pc, #+64] ; 0x2
3001EA08  F8DF 7050		ldr r7, [pc, #+80] ; 0x200002B4
3001EA0C  8038     		strh r0, [r7]

Var init: V::NEXTDIR = 1
3001EA0E  F8DF 0034		ldr r0, [pc, #+52] ; 0x1
3001EA12  F8DF 7054		ldr r7, [pc, #+84] ; 0x200002C2
3001EA16  8038     		strh r0, [r7]

Var init: V:MAIN:DEADTIMEUNITS = 2
3001EA18  F8DF 002C		ldr r0, [pc, #+44] ; 0x2
3001EA1C  F8DF 7038		ldr r7, [pc, #+56] ; 0x200002B2
3001EA20  8038     		strh r0, [r7]

Var init: V:MAIN:OPENTIMEUNITS = 1800
3001EA22  F8DF 002C		ldr r0, [pc, #+44] ; 0x708
3001EA26  F8DF 7038		ldr r7, [pc, #+56] ; 0x200002B6
3001EA2A  8038     		strh r0, [r7]

Var init: V:MAIN:CLOSETIMEUNITS = 1800
3001EA2C  F8DF 0020		ldr r0, [pc, #+32] ; 0x708
3001EA30  F8DF 7030		ldr r7, [pc, #+48] ; 0x200002B8
3001EA34  8038     		strh r0, [r7]

3001EA36  E8BD 0FF0		ldmia sp!, { r4, r5, r6, r7, r8, r9, r10, r11 }
3001EA3A  F8DD E000		ldr lr, [sp]
3001EA3E  B002     		add sp, sp, #8

3001EA40  4770     		bx lr

3001EA44  00000001		; 0x00000001
3001EA48  00000002		; 0x00000002
3001EA4C  0000000A		; 0x0000000A
3001EA50  00000708		; 0x00000708
3001EA54  200002AA		; 0x200002AA
3001EA58  200002B2		; 0x200002B2
3001EA5C  200002B4		; 0x200002B4
3001EA60  200002B6		; 0x200002B6
3001EA64  200002B8		; 0x200002B8
3001EA68  200002C2		; 0x200002C2



**************************************************
	Global RETAIN init code
**************************************************

3001EA6C  B082     		sub sp, sp, #8
3001EA6E  F8CD E000		str lr, [sp]
3001EA72  E92D 0FF0		stmdb sp!, { r4, r5, r6, r7, r8, r9, r10, r11 }

3001EA76  E8BD 0FF0		ldmia sp!, { r4, r5, r6, r7, r8, r9, r10, r11 }
3001EA7A  F8DD E000		ldr lr, [sp]
3001EA7E  B002     		add sp, sp, #8

3001EA80  4770     		bx lr



**************************************************
	Task $$VirtualTables init code
**************************************************

3001EA82  B082     		sub sp, sp, #8
3001EA84  F8CD E000		str lr, [sp]
3001EA88  E92D 0FF0		stmdb sp!, { r4, r5, r6, r7, r8, r9, r10, r11 }

3001EA8C  E8BD 0FF0		ldmia sp!, { r4, r5, r6, r7, r8, r9, r10, r11 }
3001EA90  F8DD E000		ldr lr, [sp]
3001EA94  B002     		add sp, sp, #8

3001EA96  4770     		bx lr



********************************************
MEMORY MAP
********************************************

Code area type:          		       main code
Start code area:          		000000003001E400h
End code area:            		000000003001EB7Ch
Code size:                		0000077Ch

Start local data area:    		0000000020000298h
End local data area:      		00000000200002C4h
Local data size:          		0000002Ch

Start retentive data area:		0000000038000800h
End retentive data area:  		0000000038000800h
Retentive data size:      		00000000h

Start bit data area:      		0000000000000000h
End bit data area:        		0000000000000000h
Bit data size:            		00000000h



********************************************
CODE ID:                                0CB87AEA
DEBUG MEMO ID:                          3001E6EE
FULL MEMO ID:                           00008F26
********************************************
