***********************************************************************
*
*	DYNAMIC LINK AND INDIRECT ALLOCATION LISTING FOR: GateOpener
*
***********************************************************************


***************************************************
	 FIRST CODE AREA
***************************************************

***************************************************
	 DATABLOCK PATCHES
***************************************************
*
* List of data blocks that will be checked run-time for consistency with
* their definition available at compile-time
*
*
*	REQUIREMENTS for DATA BLOCK %Q0
*		Process image: 0
*		Number of elements: 4
*		Data size (bytes): 1
0000	00 02 00 00 04 00 00 00 01 00 00 00 

*
*	REQUIREMENTS for DATA BLOCK %I0
*		Process image: 0
*		Number of elements: 8
*		Data size (bytes): 2
000C	00 01 00 00 08 00 00 00 02 00 00 00 

*
* List of all references to data allocated on data blocks
* along with the whole information required by the run-time linker
*
*
*	1 REFERENCE(S) TO 8-BIT VAR AT BYTE #0 OF DATA BLOCK %I0
0000	00 00 00 00 00 00 00 00 01 01 01 00 

*		Instruction type: 0x00
*		Code offset: 0x00000480
000C	80 04 00 00 

*
*	1 REFERENCE(S) TO 8-BIT VAR AT BYTE #2 OF DATA BLOCK %Q0
0010	00 00 00 00 02 00 00 00 02 01 01 00 

*		Instruction type: 0x00
*		Code offset: 0x0000048C
001C	8C 04 00 00 

*
*	1 REFERENCE(S) TO 8-BIT VAR AT BYTE #1 OF DATA BLOCK %Q0
0020	00 00 00 00 01 00 00 00 02 01 01 00 

*		Instruction type: 0x00
*		Code offset: 0x00000488
002C	88 04 00 00 

*
*	1 REFERENCE(S) TO 8-BIT VAR AT BYTE #3 OF DATA BLOCK %Q0
0030	00 00 00 00 03 00 00 00 02 01 01 00 

*		Instruction type: 0x00
*		Code offset: 0x00000490
003C	90 04 00 00 

*
*	1 REFERENCE(S) TO 8-BIT VAR AT BYTE #0 OF DATA BLOCK %Q0
0040	00 00 00 00 00 00 00 00 02 01 01 00 

*		Instruction type: 0x00
*		Code offset: 0x00000484
004C	84 04 00 00 


***************************************************
	 FUNCTION PATCHES
***************************************************

NAME: sysCfgAnalogRes  - NUM: 1
	 Patch - TYPE: 0x0 - CODE OFFSET: 0x000005EC

NAME: sysCfgProgInput  - NUM: 1
	 Patch - TYPE: 0x0 - CODE OFFSET: 0x000005F0

NAME: sysDBase_SetExtTable  - NUM: 1
	 Patch - TYPE: 0x0 - CODE OFFSET: 0x00000520
