***********************************************************************
*
*	CODE GENERATION LISTING FOR: Rev3
*	COMPILER VERSION: 5.22.0.44
*
***********************************************************************

**************************************************
	CODE GENERATOR SUBROUTINES
**************************************************

$$MOD:
3001E530  FB90 F3F1		sdiv r3, r0, r1
3001E534  4359     		mul r1, r1, r3
3001E536  EBC1 0000		rsb r0, r1, r0
3001E53A  4770     		bx lr

$$MOD_U:
3001E53C  FBB0 F3F1		udiv r3, r0, r1
3001E540  4359     		mul r1, r1, r3
3001E542  EBC1 0000		rsb r0, r1, r0
3001E546  4770     		bx lr

**************************************************
	List program: main
**************************************************

PROGRAM main

END_PROGRAM

3001E550  B082     		sub sp, sp, #8
3001E552  F8CD E000		str lr, [sp]
3001E556  E92D 0FF0		stmdb sp!, { r4, r5, r6, r7, r8, r9, r10, r11 }

#0		{SRC:main}
#1		(*$WAITSWITCH$*)
#2		
#3			(* CloseRelay_Mod := CloseRelay; *)
#4			MOVE		CloseRelay,CloseRelay_Mod	{LNXT:23|24|-1}
(*) UDINT
3001E55A  F8DF 73A8		ldr r7, [pc, #+936] ; 0x24020F98
3001E55E  7838     		ldrb r0, [r7]
3001E560  F8DF 7394		ldr r7, [pc, #+916] ; 0x2401F2C8
3001E564  7038     		strb r0, [r7]

#5		
#6			(* OpenRelay_Mod := OpenRelay; *)
#7			MOVE		OpenRelay,OpenRelay_Mod	{LNXT:24|25|-1}
(*) BOOL
3001E566  F8DF 73A0		ldr r7, [pc, #+928] ; 0x24020F99
3001E56A  7838     		ldrb r0, [r7]
3001E56C  F8DF 738C		ldr r7, [pc, #+908] ; 0x2401F2CA
3001E570  7038     		strb r0, [r7]

#8		
#9			(* MoveUnits_Mod := MoveUnits; *)
#10			MOVE		MoveUnits,MoveUnits_Mod	{LNXT:25|28|-1}
(*) BOOL
3001E572  F8DF 7350		ldr r7, [pc, #+848] ; 0x200002A6
3001E576  F9B7 0000		ldrsh r0, [r7]
3001E57A  F8DF 7384		ldr r7, [pc, #+900] ; 0x2401F2CC
3001E57E  8038     		strh r0, [r7]

#11		
#12			(* RF_Pulse := RF_Input AND NOT RF_Last; *)
#13			LD		RF_Last	{LNXT:28|29|-1}
(*) UNDEF
3001E580  F8DF 7344		ldr r7, [pc, #+836] ; 0x200002B0
3001E584  7838     		ldrb r0, [r7]

#14			NOT	{LNXT:28|29|-1}
(*) BOOL
3001E586  2800     		cmp r0, #0
3001E588  BF08 2001		eqmov r0, #1
3001E58C  BF18 2000		nemov r0, #0

#15			AND		RF_Input	{LNXT:28|29|-1}
(*) BOOL
3001E590  F8DF 7378		ldr r7, [pc, #+888] ; 0x24020F9C
3001E594  783F     		ldrb r7, [r7]
3001E596  4038     		and r0, r0, r7

#16			ST		RF_Pulse	{LNXT:28|29|-1}
(*) BOOL
3001E598  F8DF 7330		ldr r7, [pc, #+816] ; 0x200002B1
3001E59C  7038     		strb r0, [r7]

#17		
#18			(* RF_Last := RF_Input; *)
#19			MOVE		RF_Input,RF_Last	{LNXT:29|32|-1}
(*) BOOL
3001E59E  F8DF 736C		ldr r7, [pc, #+876] ; 0x24020F9C
3001E5A2  7838     		ldrb r0, [r7]
3001E5A4  F8DF 7320		ldr r7, [pc, #+800] ; 0x200002B0
3001E5A8  7038     		strb r0, [r7]

#20		
#21		
#22			(* IF RF_Pulse *)
#23			LD		RF_Pulse	{LNXT:32|-1|-1}
(*) UNDEF
3001E5AA  F8DF 7320		ldr r7, [pc, #+800] ; 0x200002B1
3001E5AE  7838     		ldrb r0, [r7]

#24			JMPCN	$label0	{LNXT:32|33|38}
(-) BOOL
3001E5B0  2800     		cmp r0, #0
3001E5B2  D004     		beq #8 ; 0x3001E5BE


#25		
#26			(* THEN *)
#27		
#28				(* RF_Latched := TRUE; *)
#29				MOVE		TRUE,RF_Latched	{LNXT:33|38|-1}
(*) BOOL
3001E5B6  2001     		mov r0, #1 ; 1
3001E5B8  F8DF 7314		ldr r7, [pc, #+788] ; 0x200002B2
3001E5BC  7038     		strb r0, [r7]

#30		
#31		$label0:
#32			(* END_IF *)
#33		
#34			(* TickCount := TickCount + 1; *)
#35			LD		TickCount	{LNXT:38|40|-1}
(*) UNDEF
3001E5BE  F8DF 7314		ldr r7, [pc, #+788] ; 0x200002B4
3001E5C2  F9B7 0000		ldrsh r0, [r7]

#36			ADD		1	{LNXT:38|40|-1}
(-) INT
3001E5C6  1C40     		add r0, r0, #1

#37			ST		TickCount	{LNXT:38|40|-1}
(*) INT
3001E5C8  F8DF 7308		ldr r7, [pc, #+776] ; 0x200002B4
3001E5CC  8038     		strh r0, [r7]

#38		
#39		
#40			(* IF TickCount >= UnitTicks *)
#41			LD		TickCount	{LNXT:40|-1|-1}
(*) UNDEF
3001E5CE  F8DF 7304		ldr r7, [pc, #+772] ; 0x200002B4
3001E5D2  F9B7 0000		ldrsh r0, [r7]

#42			GE		UnitTicks	{LNXT:40|-1|-1}
(*) INT
3001E5D6  F8DF 7300		ldr r7, [pc, #+768] ; 0x200002B6
3001E5DA  F9B7 7000		ldrsh r7, [r7]
3001E5DE  42B8     		cmp r0, r7
3001E5E0  BFB8 2000		ltmov r0, #0
3001E5E4  BFA8 2001		gemov r0, #1

#43			JMPCN	$label1	{LNXT:40|41|128}
(-) BOOL
3001E5E8  2800     		cmp r0, #0
3001E5EA  F000 812E		beq #604 ; 0x3001E84A


#44		
#45			(* THEN *)
#46		
#47				(* TickCount := 0; *)
#48				MOVE		0,TickCount	{LNXT:41|45|-1}
(*) BOOL
3001E5EE  2000     		mov r0, #0 ; 0
3001E5F0  F8DF 72E0		ldr r7, [pc, #+736] ; 0x200002B4
3001E5F4  8038     		strh r0, [r7]

#49		
#50		
#51				(* IF RF_Latched *)
#52				LD		RF_Latched	{LNXT:45|-1|-1}
(*) UNDEF
3001E5F6  F8DF 72D8		ldr r7, [pc, #+728] ; 0x200002B2
3001E5FA  7838     		ldrb r0, [r7]

#53				JMPCN	$label2	{LNXT:45|46|83}
(-) BOOL
3001E5FC  2800     		cmp r0, #0
3001E5FE  D07A     		beq #244 ; 0x3001E6F6


#54		
#55				(* THEN *)
#56		
#57					(* RF_Latched := FALSE; *)
#58					MOVE		FALSE,RF_Latched	{LNXT:46|49|-1}
(*) BOOL
3001E602  2000     		mov r0, #0 ; 0
3001E604  F8DF 72C8		ldr r7, [pc, #+712] ; 0x200002B2
3001E608  7038     		strb r0, [r7]

#59		
#60		
#61					(* CASE GateState OF *)
#62		
#63					(* 0: *)
#64					LD		GateState	{LNXT:50|-1|-1}
(*) UNDEF
3001E60A  F8DF 72D0		ldr r7, [pc, #+720] ; 0x200002B8
3001E60E  F9B7 0000		ldrsh r0, [r7]

#65					EQ		0	{LNXT:50|-1|-1}
(*) INT
3001E612  2800     		cmp r0, #0
3001E614  BF18 2000		nemov r0, #0
3001E618  BF08 2001		eqmov r0, #1

#66					JMPC		$label4	{LNXT:50|52|63}
(-) BOOL
3001E61C  2800     		cmp r0, #0
3001E61E  D126     		bne #76 ; 0x3001E66E


#67		
#68					(* 1: *)
#69					LD		GateState	{LNXT:63|-1|-1}
(*) UNDEF
3001E622  F8DF 72B8		ldr r7, [pc, #+696] ; 0x200002B8
3001E626  F9B7 0000		ldrsh r0, [r7]

#70					EQ		1	{LNXT:63|-1|-1}
(*) INT
3001E62A  2801     		cmp r0, #1
3001E62C  BF18 2000		nemov r0, #0
3001E630  BF08 2001		eqmov r0, #1

#71					JMPC		$label5	{LNXT:63|64|69}
(-) BOOL
3001E634  2800     		cmp r0, #0
3001E636  D13E     		bne #124 ; 0x3001E6B6


#72		
#73					(* 2: *)
#74					LD		GateState	{LNXT:69|-1|-1}
(*) UNDEF
3001E63A  F8DF 72A0		ldr r7, [pc, #+672] ; 0x200002B8
3001E63E  F9B7 0000		ldrsh r0, [r7]

#75					EQ		2	{LNXT:69|-1|-1}
(*) INT
3001E642  2802     		cmp r0, #2
3001E644  BF18 2000		nemov r0, #0
3001E648  BF08 2001		eqmov r0, #1

#76					JMPC		$label6	{LNXT:69|70|74}
(-) BOOL
3001E64C  2800     		cmp r0, #0
3001E64E  D140     		bne #128 ; 0x3001E6D2


#77		
#78					(* 3: *)
#79					LD		GateState	{LNXT:74|-1|-1}
(*) UNDEF
3001E652  F8DF 7288		ldr r7, [pc, #+648] ; 0x200002B8
3001E656  F9B7 0000		ldrsh r0, [r7]

#80					EQ		3	{LNXT:74|-1|-1}
(*) INT
3001E65A  2803     		cmp r0, #3
3001E65C  BF18 2000		nemov r0, #0
3001E660  BF08 2001		eqmov r0, #1

#81					JMPC		$label7	{LNXT:74|75|83}
(-) BOOL
3001E664  2800     		cmp r0, #0
3001E666  D13E     		bne #124 ; 0x3001E6E6


#82					JMP		$label3	{LNXT:74|75|83}
(-) BOOL
3001E66A  E044     		b #136 ; 0x3001E6F6


#83		
#84					(* Istruzioni di ciascun CASE: *)
#85		
#86		$label4:
#87		
#88						(* IF LastDir = 1 *)
#89						LD		LastDir	{LNXT:52|-1|-1}
(*) UNDEF
3001E66E  F8DF 7270		ldr r7, [pc, #+624] ; 0x200002BA
3001E672  F9B7 0000		ldrsh r0, [r7]

#90						EQ		1	{LNXT:52|-1|-1}
(*) INT
3001E676  2801     		cmp r0, #1
3001E678  BF18 2000		nemov r0, #0
3001E67C  BF08 2001		eqmov r0, #1

#91						JMPCN	$label8	{LNXT:52|53|55}
(-) BOOL
3001E680  2800     		cmp r0, #0
3001E682  D006     		beq #12 ; 0x3001E692


#92		
#93						(* THEN *)
#94		
#95							(* NextDir := 2; *)
#96							MOVE		2,NextDir	{LNXT:53|58|-1}
(*) BOOL
3001E686  2002     		mov r0, #2 ; 2
3001E688  F8DF 7258		ldr r7, [pc, #+600] ; 0x200002BC
3001E68C  8038     		strh r0, [r7]

#97							JMP		$label9	{LNXT:52|53|55}
(-) INT
3001E68E  E004     		b #8 ; 0x3001E69A


#98		$label8:
#99		
#100						(* ELSE *)
#101		
#102							(* NextDir := 1; *)
#103							MOVE		1,NextDir	{LNXT:55|58|-1}
(*) INT
3001E692  2001     		mov r0, #1 ; 1
3001E694  F8DF 724C		ldr r7, [pc, #+588] ; 0x200002BC
3001E698  8038     		strh r0, [r7]

#104		
#105		$label9:
#106						(* END_IF *)
#107		
#108						(* GateState := 1; *)
#109						MOVE		1,GateState	{LNXT:58|59|-1}
(*) INT
3001E69A  2001     		mov r0, #1 ; 1
3001E69C  F8DF 723C		ldr r7, [pc, #+572] ; 0x200002B8
3001E6A0  8038     		strh r0, [r7]

#110		
#111						(* DeadUnits := 0; *)
#112						MOVE		0,DeadUnits	{LNXT:59|60|-1}
(*) INT
3001E6A2  2000     		mov r0, #0 ; 0
3001E6A4  F8DF 7240		ldr r7, [pc, #+576] ; 0x200002BE
3001E6A8  8038     		strh r0, [r7]

#113		
#114						(* MoveUnits := 0; *)
#115						MOVE		0,MoveUnits	{LNXT:60|83|-1}
(*) INT
3001E6AA  2000     		mov r0, #0 ; 0
3001E6AC  F8DF 7214		ldr r7, [pc, #+532] ; 0x200002A6
3001E6B0  8038     		strh r0, [r7]

#116						JMP		$label3	{LNXT:1|83|-1}
(-) INT
3001E6B2  E020     		b #64 ; 0x3001E6F6


#117		
#118		$label5:
#119						(* GateState := 0; *)
#120						MOVE		0,GateState	{LNXT:64|65|-1}
(*) INT
3001E6B6  2000     		mov r0, #0 ; 0
3001E6B8  F8DF 7220		ldr r7, [pc, #+544] ; 0x200002B8
3001E6BC  8038     		strh r0, [r7]

#121		
#122						(* DeadUnits := 0; *)
#123						MOVE		0,DeadUnits	{LNXT:65|66|-1}
(*) INT
3001E6BE  2000     		mov r0, #0 ; 0
3001E6C0  F8DF 7224		ldr r7, [pc, #+548] ; 0x200002BE
3001E6C4  8038     		strh r0, [r7]

#124		
#125						(* MoveUnits := 0; *)
#126						MOVE		0,MoveUnits	{LNXT:66|83|-1}
(*) INT
3001E6C6  2000     		mov r0, #0 ; 0
3001E6C8  F8DF 71F8		ldr r7, [pc, #+504] ; 0x200002A6
3001E6CC  8038     		strh r0, [r7]

#127						JMP		$label3	{LNXT:64|83|-1}
(-) INT
3001E6CE  E012     		b #36 ; 0x3001E6F6


#128		
#129		$label6:
#130						(* GateState := 0; *)
#131						MOVE		0,GateState	{LNXT:70|71|-1}
(*) INT
3001E6D2  2000     		mov r0, #0 ; 0
3001E6D4  F8DF 7204		ldr r7, [pc, #+516] ; 0x200002B8
3001E6D8  8038     		strh r0, [r7]

#132		
#133						(* MoveUnits := 0; *)
#134						MOVE		0,MoveUnits	{LNXT:71|83|-1}
(*) INT
3001E6DA  2000     		mov r0, #0 ; 0
3001E6DC  F8DF 71E4		ldr r7, [pc, #+484] ; 0x200002A6
3001E6E0  8038     		strh r0, [r7]

#135						JMP		$label3	{LNXT:70|83|-1}
(-) INT
3001E6E2  E008     		b #16 ; 0x3001E6F6


#136		
#137		$label7:
#138						(* GateState := 0; *)
#139						MOVE		0,GateState	{LNXT:75|76|-1}
(*) INT
3001E6E6  2000     		mov r0, #0 ; 0
3001E6E8  F8DF 71F0		ldr r7, [pc, #+496] ; 0x200002B8
3001E6EC  8038     		strh r0, [r7]

#140		
#141						(* MoveUnits := 0; *)
#142						MOVE		0,MoveUnits	{LNXT:76|83|-1}
(*) INT
3001E6EE  2000     		mov r0, #0 ; 0
3001E6F0  F8DF 71D0		ldr r7, [pc, #+464] ; 0x200002A6
3001E6F4  8038     		strh r0, [r7]

#143		
#144		$label3:
#145		
#146					(* END_CASE *)
#147		
#148		$label2:
#149				(* END_IF *)
#150		
#151		
#152				(* IF GateState = 1 *)
#153				LD		GateState	{LNXT:83|-1|-1}
(*) UNDEF
3001E6F6  F8DF 71E4		ldr r7, [pc, #+484] ; 0x200002B8
3001E6FA  F9B7 0000		ldrsh r0, [r7]

#154				EQ		1	{LNXT:83|-1|-1}
(*) INT
3001E6FE  2801     		cmp r0, #1
3001E700  BF18 2000		nemov r0, #0
3001E704  BF08 2001		eqmov r0, #1

#155				JMPCN	$label10	{LNXT:83|84|103}
(-) BOOL
3001E708  2800     		cmp r0, #0
3001E70A  D03E     		beq #124 ; 0x3001E78A


#156		
#157				(* THEN *)
#158		
#159					(* DeadUnits := DeadUnits + 1; *)
#160					LD		DeadUnits	{LNXT:84|86|-1}
(*) UNDEF
3001E70E  F8DF 71D8		ldr r7, [pc, #+472] ; 0x200002BE
3001E712  F9B7 0000		ldrsh r0, [r7]

#161					ADD		1	{LNXT:84|86|-1}
(-) INT
3001E716  1C40     		add r0, r0, #1

#162					ST		DeadUnits	{LNXT:84|86|-1}
(*) INT
3001E718  F8DF 71CC		ldr r7, [pc, #+460] ; 0x200002BE
3001E71C  8038     		strh r0, [r7]

#163		
#164		
#165					(* IF DeadUnits >= DeadTimeUnits *)
#166					LD		DeadUnits	{LNXT:86|-1|-1}
(*) UNDEF
3001E71E  F8DF 71C8		ldr r7, [pc, #+456] ; 0x200002BE
3001E722  F9B7 0000		ldrsh r0, [r7]

#167					GE		DeadTimeUnits	{LNXT:86|-1|-1}
(*) INT
3001E726  F8DF 71C4		ldr r7, [pc, #+452] ; 0x200002C0
3001E72A  F9B7 7000		ldrsh r7, [r7]
3001E72E  42B8     		cmp r0, r7
3001E730  BFB8 2000		ltmov r0, #0
3001E734  BFA8 2001		gemov r0, #1

#168					JMPCN	$label11	{LNXT:86|87|103}
(-) BOOL
3001E738  2800     		cmp r0, #0
3001E73A  D026     		beq #76 ; 0x3001E78A


#169		
#170					(* THEN *)
#171		
#172						(* DeadUnits := 0; *)
#173						MOVE		0,DeadUnits	{LNXT:87|88|-1}
(*) BOOL
3001E73E  2000     		mov r0, #0 ; 0
3001E740  F8DF 71A4		ldr r7, [pc, #+420] ; 0x200002BE
3001E744  8038     		strh r0, [r7]

#174		
#175						(* MoveUnits := 0; *)
#176						MOVE		0,MoveUnits	{LNXT:88|90|-1}
(*) INT
3001E746  2000     		mov r0, #0 ; 0
3001E748  F8DF 7178		ldr r7, [pc, #+376] ; 0x200002A6
3001E74C  8038     		strh r0, [r7]

#177		
#178		
#179						(* IF NextDir = 1 *)
#180						LD		NextDir	{LNXT:90|-1|-1}
(*) UNDEF
3001E74E  F8DF 7194		ldr r7, [pc, #+404] ; 0x200002BC
3001E752  F9B7 0000		ldrsh r0, [r7]

#181						EQ		1	{LNXT:90|-1|-1}
(*) INT
3001E756  2801     		cmp r0, #1
3001E758  BF18 2000		nemov r0, #0
3001E75C  BF08 2001		eqmov r0, #1

#182						JMPCN	$label12	{LNXT:90|91|94}
(-) BOOL
3001E760  2800     		cmp r0, #0
3001E762  D00A     		beq #20 ; 0x3001E77A


#183		
#184						(* THEN *)
#185		
#186							(* GateState := 2; *)
#187							MOVE		2,GateState	{LNXT:91|92|-1}
(*) BOOL
3001E766  2002     		mov r0, #2 ; 2
3001E768  F8DF 7170		ldr r7, [pc, #+368] ; 0x200002B8
3001E76C  8038     		strh r0, [r7]

#188		
#189							(* LastDir := 1; *)
#190							MOVE		1,LastDir	{LNXT:92|103|-1}
(*) INT
3001E76E  2001     		mov r0, #1 ; 1
3001E770  F8DF 716C		ldr r7, [pc, #+364] ; 0x200002BA
3001E774  8038     		strh r0, [r7]

#191							JMP		$label13	{LNXT:90|91|94}
(-) INT
3001E776  E008     		b #16 ; 0x3001E78A


#192		$label12:
#193		
#194						(* ELSE *)
#195		
#196							(* GateState := 3; *)
#197							MOVE		3,GateState	{LNXT:94|95|-1}
(*) INT
3001E77A  2003     		mov r0, #3 ; 3
3001E77C  F8DF 715C		ldr r7, [pc, #+348] ; 0x200002B8
3001E780  8038     		strh r0, [r7]

#198		
#199							(* LastDir := 2; *)
#200							MOVE		2,LastDir	{LNXT:95|103|-1}
(*) INT
3001E782  2002     		mov r0, #2 ; 2
3001E784  F8DF 7158		ldr r7, [pc, #+344] ; 0x200002BA
3001E788  8038     		strh r0, [r7]

#201		
#202		$label13:
#203						(* END_IF *)
#204		
#205		$label11:
#206					(* END_IF *)
#207		
#208		$label10:
#209				(* END_IF *)
#210		
#211		
#212				(* IF GateState = 2 *)
#213				LD		GateState	{LNXT:103|-1|-1}
(*) UNDEF
3001E78A  F8DF 7150		ldr r7, [pc, #+336] ; 0x200002B8
3001E78E  F9B7 0000		ldrsh r0, [r7]

#214				EQ		2	{LNXT:103|-1|-1}
(*) INT
3001E792  2802     		cmp r0, #2
3001E794  BF18 2000		nemov r0, #0
3001E798  BF08 2001		eqmov r0, #1

#215				JMPCN	$label14	{LNXT:103|104|111}
(-) BOOL
3001E79C  2800     		cmp r0, #0
3001E79E  D022     		beq #68 ; 0x3001E7E6


#216		
#217				(* THEN *)
#218		
#219					(* MoveUnits := MoveUnits + 1; *)
#220					LD		MoveUnits	{LNXT:104|106|-1}
(*) UNDEF
3001E7A2  F8DF 7120		ldr r7, [pc, #+288] ; 0x200002A6
3001E7A6  F9B7 0000		ldrsh r0, [r7]

#221					ADD		1	{LNXT:104|106|-1}
(-) INT
3001E7AA  1C40     		add r0, r0, #1

#222					ST		MoveUnits	{LNXT:104|106|-1}
(*) INT
3001E7AC  F8DF 7114		ldr r7, [pc, #+276] ; 0x200002A6
3001E7B0  8038     		strh r0, [r7]

#223		
#224		
#225					(* IF MoveUnits >= OpenTimeUnits *)
#226					LD		MoveUnits	{LNXT:106|-1|-1}
(*) UNDEF
3001E7B2  F8DF 7110		ldr r7, [pc, #+272] ; 0x200002A6
3001E7B6  F9B7 0000		ldrsh r0, [r7]

#227					GE		OpenTimeUnits	{LNXT:106|-1|-1}
(*) INT
3001E7BA  F8DF 7134		ldr r7, [pc, #+308] ; 0x200002C2
3001E7BE  F9B7 7000		ldrsh r7, [r7]
3001E7C2  42B8     		cmp r0, r7
3001E7C4  BFB8 2000		ltmov r0, #0
3001E7C8  BFA8 2001		gemov r0, #1

#228					JMPCN	$label17	{LNXT:106|107|128}
(-) BOOL
3001E7CC  2800     		cmp r0, #0
3001E7CE  D008     		beq #16 ; 0x3001E7E2


#229		
#230					(* THEN *)
#231		
#232						(* GateState := 0; *)
#233						MOVE		0,GateState	{LNXT:107|108|-1}
(*) BOOL
3001E7D2  2000     		mov r0, #0 ; 0
3001E7D4  F8DF 7104		ldr r7, [pc, #+260] ; 0x200002B8
3001E7D8  8038     		strh r0, [r7]

#234		
#235						(* MoveUnits := 0; *)
#236						MOVE		0,MoveUnits	{LNXT:108|128|-1}
(*) INT
3001E7DA  2000     		mov r0, #0 ; 0
3001E7DC  F8DF 70E4		ldr r7, [pc, #+228] ; 0x200002A6
3001E7E0  8038     		strh r0, [r7]

#237		
#238		$label17:
#239					(* END_IF *)
#240					JMP		$label16	{LNXT:103|104|111}
(-) INT
3001E7E2  E032     		b #100 ; 0x3001E84A


#241		$label14:
#242		
#243				(* ELSIF GateState = 3 *)
#244				LD		GateState	{LNXT:111|-1|-1}
(*) UNDEF
3001E7E6  F8DF 70F4		ldr r7, [pc, #+244] ; 0x200002B8
3001E7EA  F9B7 0000		ldrsh r0, [r7]

#245				EQ		3	{LNXT:111|-1|-1}
(*) INT
3001E7EE  2803     		cmp r0, #3
3001E7F0  BF18 2000		nemov r0, #0
3001E7F4  BF08 2001		eqmov r0, #1

#246				JMPCN	$label15	{LNXT:111|112|120}
(-) BOOL
3001E7F8  2800     		cmp r0, #0
3001E7FA  D022     		beq #68 ; 0x3001E842


#247		
#248				(* THEN *)
#249		
#250					(* MoveUnits := MoveUnits + 1; *)
#251					LD		MoveUnits	{LNXT:112|114|-1}
(*) UNDEF
3001E7FE  F8DF 70C4		ldr r7, [pc, #+196] ; 0x200002A6
3001E802  F9B7 0000		ldrsh r0, [r7]

#252					ADD		1	{LNXT:112|114|-1}
(-) INT
3001E806  1C40     		add r0, r0, #1

#253					ST		MoveUnits	{LNXT:112|114|-1}
(*) INT
3001E808  F8DF 70B8		ldr r7, [pc, #+184] ; 0x200002A6
3001E80C  8038     		strh r0, [r7]

#254		
#255		
#256					(* IF MoveUnits >= CloseTimeUnits *)
#257					LD		MoveUnits	{LNXT:114|-1|-1}
(*) UNDEF
3001E80E  F8DF 70B4		ldr r7, [pc, #+180] ; 0x200002A6
3001E812  F9B7 0000		ldrsh r0, [r7]

#258					GE		CloseTimeUnits	{LNXT:114|-1|-1}
(*) INT
3001E816  F8DF 70DC		ldr r7, [pc, #+220] ; 0x200002C4
3001E81A  F9B7 7000		ldrsh r7, [r7]
3001E81E  42B8     		cmp r0, r7
3001E820  BFB8 2000		ltmov r0, #0
3001E824  BFA8 2001		gemov r0, #1

#259					JMPCN	$label18	{LNXT:114|115|128}
(-) BOOL
3001E828  2800     		cmp r0, #0
3001E82A  D008     		beq #16 ; 0x3001E83E


#260		
#261					(* THEN *)
#262		
#263						(* GateState := 0; *)
#264						MOVE		0,GateState	{LNXT:115|116|-1}
(*) BOOL
3001E82E  2000     		mov r0, #0 ; 0
3001E830  F8DF 70A8		ldr r7, [pc, #+168] ; 0x200002B8
3001E834  8038     		strh r0, [r7]

#265		
#266						(* MoveUnits := 0; *)
#267						MOVE		0,MoveUnits	{LNXT:116|128|-1}
(*) INT
3001E836  2000     		mov r0, #0 ; 0
3001E838  F8DF 7088		ldr r7, [pc, #+136] ; 0x200002A6
3001E83C  8038     		strh r0, [r7]

#268		
#269		$label18:
#270					(* END_IF *)
#271					JMP		$label16	{LNXT:111|112|120}
(-) INT
3001E83E  E004     		b #8 ; 0x3001E84A


#272		$label15:
#273		
#274				(* ELSE *)
#275		
#276					(* MoveUnits := 0; *)
#277					MOVE		0,MoveUnits	{LNXT:120|128|-1}
(*) INT
3001E842  2000     		mov r0, #0 ; 0
3001E844  F8DF 707C		ldr r7, [pc, #+124] ; 0x200002A6
3001E848  8038     		strh r0, [r7]

#278		
#279		$label16:
#280				(* END_IF *)
#281		
#282		$label1:
#283			(* END_IF *)
#284		
#285		
#286			(* CASE GateState OF *)
#287		
#288			(* 2: *)
#289			LD		GateState	{LNXT:129|-1|-1}
(*) UNDEF
3001E84A  F8DF 7090		ldr r7, [pc, #+144] ; 0x200002B8
3001E84E  F9B7 0000		ldrsh r0, [r7]

#290			EQ		2	{LNXT:129|-1|-1}
(*) INT
3001E852  2802     		cmp r0, #2
3001E854  BF18 2000		nemov r0, #0
3001E858  BF08 2001		eqmov r0, #1

#291			JMPC		$label20	{LNXT:129|130|132}
(-) BOOL
3001E85C  2800     		cmp r0, #0
3001E85E  D10E     		bne #28 ; 0x3001E87E


#292		
#293			(* 3: *)
#294			LD		GateState	{LNXT:132|-1|-1}
(*) UNDEF
3001E862  F8DF 7078		ldr r7, [pc, #+120] ; 0x200002B8
3001E866  F9B7 0000		ldrsh r0, [r7]

#295			EQ		3	{LNXT:132|-1|-1}
(*) INT
3001E86A  2803     		cmp r0, #3
3001E86C  BF18 2000		nemov r0, #0
3001E870  BF08 2001		eqmov r0, #1

#296			JMPC		$label21	{LNXT:132|133|136}
(-) BOOL
3001E874  2800     		cmp r0, #0
3001E876  D10C     		bne #24 ; 0x3001E892


#297		
#298			(* ELSE *)
#299			JMP		$label22	{LNXT:132|133|136}
(-) BOOL
3001E87A  E014     		b #40 ; 0x3001E8A6


#300		
#301			(* Istruzioni di ciascun CASE: *)
#302		
#303		$label20:
#304				(* OpenRelay    := TRUE; *)
#305				MOVE		TRUE,OpenRelay	{LNXT:130|131|-1}
(*) BOOL
3001E87E  2001     		mov r0, #1 ; 1
3001E880  F8DF 7084		ldr r7, [pc, #+132] ; 0x24020F99
3001E884  7038     		strb r0, [r7]

#306		
#307				(* CloseRelay   := FALSE; *)
#308				MOVE		FALSE,CloseRelay	{LNXT:131|23|-1}
(*) BOOL
3001E886  2000     		mov r0, #0 ; 0
3001E888  F8DF 7078		ldr r7, [pc, #+120] ; 0x24020F98
3001E88C  7038     		strb r0, [r7]

#309				JMP		$label19	{LNXT:130|23|-1}
(-) BOOL
3001E88E  E012     		b #36 ; 0x3001E8B6


#310		
#311		$label21:
#312				(* OpenRelay    := FALSE; *)
#313				MOVE		FALSE,OpenRelay	{LNXT:133|134|-1}
(*) BOOL
3001E892  2000     		mov r0, #0 ; 0
3001E894  F8DF 7070		ldr r7, [pc, #+112] ; 0x24020F99
3001E898  7038     		strb r0, [r7]

#314		
#315				(* CloseRelay   := TRUE; *)
#316				MOVE		TRUE,CloseRelay	{LNXT:134|23|-1}
(*) BOOL
3001E89A  2001     		mov r0, #1 ; 1
3001E89C  F8DF 7064		ldr r7, [pc, #+100] ; 0x24020F98
3001E8A0  7038     		strb r0, [r7]

#317				JMP		$label19	{LNXT:133|23|-1}
(-) BOOL
3001E8A2  E008     		b #16 ; 0x3001E8B6


#318		
#319		$label22:
#320				(* OpenRelay    := FALSE; *)
#321				MOVE		FALSE,OpenRelay	{LNXT:136|137|-1}
(*) BOOL
3001E8A6  2000     		mov r0, #0 ; 0
3001E8A8  F8DF 705C		ldr r7, [pc, #+92] ; 0x24020F99
3001E8AC  7038     		strb r0, [r7]

#322		
#323				(* CloseRelay   := FALSE; *)
#324				MOVE		FALSE,CloseRelay	{LNXT:137|23|-1}
(*) BOOL
3001E8AE  2000     		mov r0, #0 ; 0
3001E8B0  F8DF 7050		ldr r7, [pc, #+80] ; 0x24020F98
3001E8B4  7038     		strb r0, [r7]

3001E8B6  E8BD 0FF0		ldmia sp!, { r4, r5, r6, r7, r8, r9, r10, r11 }
3001E8BA  F8DD E000		ldr lr, [sp]
3001E8BE  B002     		add sp, sp, #8

3001E8C0  4770     		bx lr

3001E8C4  200002A6		; 0x200002A6
3001E8C8  200002B0		; 0x200002B0
3001E8CC  200002B1		; 0x200002B1
3001E8D0  200002B2		; 0x200002B2
3001E8D4  200002B4		; 0x200002B4
3001E8D8  200002B6		; 0x200002B6
3001E8DC  200002B8		; 0x200002B8
3001E8E0  200002BA		; 0x200002BA
3001E8E4  200002BC		; 0x200002BC
3001E8E8  200002BE		; 0x200002BE
3001E8EC  200002C0		; 0x200002C0
3001E8F0  200002C2		; 0x200002C2
3001E8F4  200002C4		; 0x200002C4
3001E8F8  FFFFFFFF		; 0x2401F2C8
3001E8FC  FFFFFFFF		; 0x2401F2CA
3001E900  FFFFFFFF		; 0x2401F2CC
3001E904  FFFFFFFF		; 0x24020F98
3001E908  FFFFFFFF		; 0x24020F99
3001E90C  FFFFFFFF		; 0x24020F9C

END_PROGRAM


**************************************************
	Target variable image generation
**************************************************


*** INPUT:
3001E910  4770     		bx lr


*** OUTPUT:
3001E912  4770     		bx lr



**************************************************
	Task Fast init code
**************************************************

3001E914  B082     		sub sp, sp, #8
3001E916  F8CD E000		str lr, [sp]
3001E91A  E92D 0FF0		stmdb sp!, { r4, r5, r6, r7, r8, r9, r10, r11 }

3001E91E  E8BD 0FF0		ldmia sp!, { r4, r5, r6, r7, r8, r9, r10, r11 }
3001E922  F8DD E000		ldr lr, [sp]
3001E926  B002     		add sp, sp, #8

3001E928  4770     		bx lr

**************************************************
	List program: InitParDB
**************************************************

PROGRAM InitParDB

        VAR
warningsKiller : USINT;
dummyCrc32 : UDINT;
	END_VAR

END_PROGRAM

3001E930  B082     		sub sp, sp, #8
3001E932  F8CD E000		str lr, [sp]
3001E936  E92D 0FF0		stmdb sp!, { r4, r5, r6, r7, r8, r9, r10, r11 }

#0		{SRC:InitParDB}
#1		(*$WAITSWITCH$*)
#2		
#3			(* dummyCrc32 := 2642176270; *)
#4			MOVE		2642176270,dummyCrc32	{LNXT:3|5|-1}
(*) UDINT
3001E93A  F8DF 7084		ldr r7, [pc, #+132] ; 0x9D7C690E
3001E93E  4638     		mov r0, r7
3001E940  F8DF 706C		ldr r7, [pc, #+108] ; 0x200002A8
3001E944  6038     		str r0, [r7]

#5		
#6			(* warningsKiller := sysDBase_SetExtTable( TO_DWORD( ADR($$ParDB) ), $$ParDBLength, 200, TO_DWORD( ADR(%MW200.0) ), 3, 2, 201, 0, 0, 2, 2642176270 ); *)
#7			ADR		%MW200.0	{LNXT:5|3|-1}
(*) UDINT
3001E946  F8DF 0070		ldr r0, [pc, #+112] ; 0x2401F2C8

#8			TO_DWORD	{LNXT:5|3|-1}
(-) @WORD
#9			ST		$$TMP3	{LNXT:5|3|-1}
(*) DWORD
3001E94A  F8DF 7068		ldr r7, [pc, #+104] ; 0x200002AC
3001E94E  6038     		str r0, [r7]

#10			ADR		$$ParDB	{LNXT:5|3|-1}
(*) DWORD
3001E950  F8DF 0068		ldr r0, [pc, #+104] ; 0x3001E4A0

#11			TO_DWORD	{LNXT:5|3|-1}
(-) @USINT
#12			sysDBase_SetExtTable		$$ParDBLength, 200, $$TMP3, 3, 2, 201, 0, 0, 2, 2642176270	{LNXT:5|3|-1}
(*) DWORD
3001E954  B088     		sub sp, sp, #32
3001E956  2703     		mov r7, #3 ; 3
3001E958  4639     		mov r1, r7
3001E95A  27C8     		mov r7, #200 ; 200
3001E95C  463A     		mov r2, r7
3001E95E  F8DF 7054		ldr r7, [pc, #+84] ; 0x200002AC
3001E962  683B     		ldr r3, [r7]
3001E964  2703     		mov r7, #3 ; 3
3001E966  F8CD 7000		str r7, [sp]
3001E96A  2702     		mov r7, #2 ; 2
3001E96C  F8CD 7004		str r7, [sp, #+4]
3001E970  27C9     		mov r7, #201 ; 201
3001E972  F8CD 7008		str r7, [sp, #+8]
3001E976  2700     		mov r7, #0 ; 0
3001E978  F8CD 700C		str r7, [sp, #+12]
3001E97C  2700     		mov r7, #0 ; 0
3001E97E  F8CD 7010		str r7, [sp, #+16]
3001E982  2702     		mov r7, #2 ; 2
3001E984  F8CD 7014		str r7, [sp, #+20]
3001E988  F8DF 7034		ldr r7, [pc, #+52] ; 0x9D7C690E
3001E98C  463F     		mov r7, r7
3001E98E  F8CD 7018		str r7, [sp, #+24]
3001E992  F8DF 4014		ldr r4, [pc, #+20] ; 0x80812D5
3001E996  F044 0401		orr r4, r4, #1
3001E99A  47A0     		blx r4
3001E99C  B008     		add sp, sp, #32

#13			ST		warningsKiller	{LNXT:5|3|-1}
(*) USINT
3001E99E  F8DF 700C		ldr r7, [pc, #+12] ; 0x200002A5
3001E9A2  7038     		strb r0, [r7]

3001E9A4  E00E     		b #28

3001E9A8  FFFFFFFF		; 0x080812D5
3001E9AC  200002A5		; 0x200002A5
3001E9B0  200002A8		; 0x200002A8
3001E9B4  200002AC		; 0x200002AC
3001E9B8  FFFFFFFF		; 0x2401F2C8
3001E9BC  3001E4A0		; 0x3001E4A0
3001E9C0  9D7C690E		; 0x9D7C690E

END_PROGRAM
**************************************************
	List program: $$IOConfig
**************************************************

PROGRAM $$IOConfig

        VAR
warningsKiller : BOOL;
	END_VAR

END_PROGRAM

#0		{SRC:$$IOConfig}
#1		(*$WAITSWITCH$*)
#2		
#3			(* warningsKiller := sysCfgAnalogRes(16); *)
#4			LDP0		16	{LNXT:4|7|-1}
(-) UDINT
#5			sysCfgAnalogRes	{LNXT:4|7|-1}
(*) USINT
3001E9C4  2010     		mov r0, #16 ; 16
3001E9C6  F8DF 40BC		ldr r4, [pc, #+188] ; 0x8087145
3001E9CA  F044 0401		orr r4, r4, #1
3001E9CE  47A0     		blx r4

#6			ST		warningsKiller	{LNXT:4|7|-1}
(*) BOOL
3001E9D0  F8DF 70B8		ldr r7, [pc, #+184] ; 0x200002A4
3001E9D4  7038     		strb r0, [r7]

#7		
#8			(* warningsKiller := sysCfgProgInput(0, 0); *)
#9			LDP0		0	{LNXT:7|8|-1}
(-) BOOL
#10			sysCfgProgInput		0	{LNXT:7|8|-1}
(*) USINT
3001E9D6  2000     		mov r0, #0 ; 0
3001E9D8  2100     		mov r1, #0 ; 0
3001E9DA  F8DF 40AC		ldr r4, [pc, #+172] ; 0x8087151
3001E9DE  F044 0401		orr r4, r4, #1
3001E9E2  47A0     		blx r4

#11			ST		warningsKiller	{LNXT:7|8|-1}
(*) BOOL
3001E9E4  F8DF 70A4		ldr r7, [pc, #+164] ; 0x200002A4
3001E9E8  7038     		strb r0, [r7]

#12		
#13			(* warningsKiller := sysCfgProgInput(1, 0); *)
#14			LDP0		1	{LNXT:8|9|-1}
(-) BOOL
#15			sysCfgProgInput		0	{LNXT:8|9|-1}
(*) USINT
3001E9EA  2001     		mov r0, #1 ; 1
3001E9EC  2100     		mov r1, #0 ; 0
3001E9EE  F8DF 4098		ldr r4, [pc, #+152] ; 0x8087151
3001E9F2  F044 0401		orr r4, r4, #1
3001E9F6  47A0     		blx r4

#16			ST		warningsKiller	{LNXT:8|9|-1}
(*) BOOL
3001E9F8  F8DF 7090		ldr r7, [pc, #+144] ; 0x200002A4
3001E9FC  7038     		strb r0, [r7]

#17		
#18			(* warningsKiller := sysCfgProgInput(2, 0); *)
#19			LDP0		2	{LNXT:9|10|-1}
(-) BOOL
#20			sysCfgProgInput		0	{LNXT:9|10|-1}
(*) USINT
3001E9FE  2002     		mov r0, #2 ; 2
3001EA00  2100     		mov r1, #0 ; 0
3001EA02  F8DF 4084		ldr r4, [pc, #+132] ; 0x8087151
3001EA06  F044 0401		orr r4, r4, #1
3001EA0A  47A0     		blx r4

#21			ST		warningsKiller	{LNXT:9|10|-1}
(*) BOOL
3001EA0C  F8DF 707C		ldr r7, [pc, #+124] ; 0x200002A4
3001EA10  7038     		strb r0, [r7]

#22		
#23			(* warningsKiller := sysCfgProgInput(3, 0); *)
#24			LDP0		3	{LNXT:10|11|-1}
(-) BOOL
#25			sysCfgProgInput		0	{LNXT:10|11|-1}
(*) USINT
3001EA12  2003     		mov r0, #3 ; 3
3001EA14  2100     		mov r1, #0 ; 0
3001EA16  F8DF 4070		ldr r4, [pc, #+112] ; 0x8087151
3001EA1A  F044 0401		orr r4, r4, #1
3001EA1E  47A0     		blx r4

#26			ST		warningsKiller	{LNXT:10|11|-1}
(*) BOOL
3001EA20  F8DF 7068		ldr r7, [pc, #+104] ; 0x200002A4
3001EA24  7038     		strb r0, [r7]

#27		
#28			(* warningsKiller := sysCfgProgInput(4, 0); *)
#29			LDP0		4	{LNXT:11|12|-1}
(-) BOOL
#30			sysCfgProgInput		0	{LNXT:11|12|-1}
(*) USINT
3001EA26  2004     		mov r0, #4 ; 4
3001EA28  2100     		mov r1, #0 ; 0
3001EA2A  F8DF 405C		ldr r4, [pc, #+92] ; 0x8087151
3001EA2E  F044 0401		orr r4, r4, #1
3001EA32  47A0     		blx r4

#31			ST		warningsKiller	{LNXT:11|12|-1}
(*) BOOL
3001EA34  F8DF 7054		ldr r7, [pc, #+84] ; 0x200002A4
3001EA38  7038     		strb r0, [r7]

#32		
#33			(* warningsKiller := sysCfgProgInput(5, 0); *)
#34			LDP0		5	{LNXT:12|13|-1}
(-) BOOL
#35			sysCfgProgInput		0	{LNXT:12|13|-1}
(*) USINT
3001EA3A  2005     		mov r0, #5 ; 5
3001EA3C  2100     		mov r1, #0 ; 0
3001EA3E  F8DF 4048		ldr r4, [pc, #+72] ; 0x8087151
3001EA42  F044 0401		orr r4, r4, #1
3001EA46  47A0     		blx r4

#36			ST		warningsKiller	{LNXT:12|13|-1}
(*) BOOL
3001EA48  F8DF 7040		ldr r7, [pc, #+64] ; 0x200002A4
3001EA4C  7038     		strb r0, [r7]

#37		
#38			(* warningsKiller := sysCfgProgInput(6, 0); *)
#39			LDP0		6	{LNXT:13|14|-1}
(-) BOOL
#40			sysCfgProgInput		0	{LNXT:13|14|-1}
(*) USINT
3001EA4E  2006     		mov r0, #6 ; 6
3001EA50  2100     		mov r1, #0 ; 0
3001EA52  F8DF 4034		ldr r4, [pc, #+52] ; 0x8087151
3001EA56  F044 0401		orr r4, r4, #1
3001EA5A  47A0     		blx r4

#41			ST		warningsKiller	{LNXT:13|14|-1}
(*) BOOL
3001EA5C  F8DF 702C		ldr r7, [pc, #+44] ; 0x200002A4
3001EA60  7038     		strb r0, [r7]

#42		
#43			(* warningsKiller := sysCfgProgInput(7, 0); *)
#44			LDP0		7	{LNXT:14|4|-1}
(-) BOOL
#45			sysCfgProgInput		0	{LNXT:14|4|-1}
(*) USINT
3001EA62  2007     		mov r0, #7 ; 7
3001EA64  2100     		mov r1, #0 ; 0
3001EA66  F8DF 4020		ldr r4, [pc, #+32] ; 0x8087151
3001EA6A  F044 0401		orr r4, r4, #1
3001EA6E  47A0     		blx r4

#46			ST		warningsKiller	{LNXT:14|4|-1}
(*) BOOL
3001EA70  F8DF 7018		ldr r7, [pc, #+24] ; 0x200002A4
3001EA74  7038     		strb r0, [r7]

3001EA76  E8BD 0FF0		ldmia sp!, { r4, r5, r6, r7, r8, r9, r10, r11 }
3001EA7A  F8DD E000		ldr lr, [sp]
3001EA7E  B002     		add sp, sp, #8

3001EA80  4770     		bx lr

3001EA84  FFFFFFFF		; 0x08087145
3001EA88  FFFFFFFF		; 0x08087151
3001EA8C  200002A4		; 0x200002A4

END_PROGRAM


**************************************************
	Target variable image generation
**************************************************


*** INPUT:
3001EA90  4770     		bx lr


*** OUTPUT:
3001EA92  4770     		bx lr



**************************************************
	Task Init init code
**************************************************

3001EA94  B082     		sub sp, sp, #8
3001EA96  F8CD E000		str lr, [sp]
3001EA9A  E92D 0FF0		stmdb sp!, { r4, r5, r6, r7, r8, r9, r10, r11 }

3001EA9E  E8BD 0FF0		ldmia sp!, { r4, r5, r6, r7, r8, r9, r10, r11 }
3001EAA2  F8DD E000		ldr lr, [sp]
3001EAA6  B002     		add sp, sp, #8

3001EAA8  4770     		bx lr



**************************************************
	Global init code
**************************************************

3001EAC0  B082     		sub sp, sp, #8
3001EAC2  F8CD E000		str lr, [sp]
3001EAC6  E92D 0FF0		stmdb sp!, { r4, r5, r6, r7, r8, r9, r10, r11 }

Var init: V:MAIN:UNITTICKS = 10
3001EACA  F8DF 0050		ldr r0, [pc, #+80] ; 0xA
3001EACE  F8DF 7054		ldr r7, [pc, #+84] ; 0x200002B6
3001EAD2  8038     		strh r0, [r7]

Var init: V:MAIN:LASTDIR = 2
3001EAD4  F8DF 0040		ldr r0, [pc, #+64] ; 0x2
3001EAD8  F8DF 704C		ldr r7, [pc, #+76] ; 0x200002BA
3001EADC  8038     		strh r0, [r7]

Var init: V:MAIN:NEXTDIR = 1
3001EADE  F8DF 0034		ldr r0, [pc, #+52] ; 0x1
3001EAE2  F8DF 7048		ldr r7, [pc, #+72] ; 0x200002BC
3001EAE6  8038     		strh r0, [r7]

Var init: V:MAIN:DEADTIMEUNITS = 2
3001EAE8  F8DF 002C		ldr r0, [pc, #+44] ; 0x2
3001EAEC  F8DF 7040		ldr r7, [pc, #+64] ; 0x200002C0
3001EAF0  8038     		strh r0, [r7]

Var init: V:MAIN:OPENTIMEUNITS = 1800
3001EAF2  F8DF 002C		ldr r0, [pc, #+44] ; 0x708
3001EAF6  F8DF 703C		ldr r7, [pc, #+60] ; 0x200002C2
3001EAFA  8038     		strh r0, [r7]

Var init: V:MAIN:CLOSETIMEUNITS = 1800
3001EAFC  F8DF 0020		ldr r0, [pc, #+32] ; 0x708
3001EB00  F8DF 7034		ldr r7, [pc, #+52] ; 0x200002C4
3001EB04  8038     		strh r0, [r7]

3001EB06  E8BD 0FF0		ldmia sp!, { r4, r5, r6, r7, r8, r9, r10, r11 }
3001EB0A  F8DD E000		ldr lr, [sp]
3001EB0E  B002     		add sp, sp, #8

3001EB10  4770     		bx lr

3001EB14  00000001		; 0x00000001
3001EB18  00000002		; 0x00000002
3001EB1C  0000000A		; 0x0000000A
3001EB20  00000708		; 0x00000708
3001EB24  200002B6		; 0x200002B6
3001EB28  200002BA		; 0x200002BA
3001EB2C  200002BC		; 0x200002BC
3001EB30  200002C0		; 0x200002C0
3001EB34  200002C2		; 0x200002C2
3001EB38  200002C4		; 0x200002C4



**************************************************
	Global RETAIN init code
**************************************************

3001EB3C  B082     		sub sp, sp, #8
3001EB3E  F8CD E000		str lr, [sp]
3001EB42  E92D 0FF0		stmdb sp!, { r4, r5, r6, r7, r8, r9, r10, r11 }

3001EB46  E8BD 0FF0		ldmia sp!, { r4, r5, r6, r7, r8, r9, r10, r11 }
3001EB4A  F8DD E000		ldr lr, [sp]
3001EB4E  B002     		add sp, sp, #8

3001EB50  4770     		bx lr



**************************************************
	Task $$VirtualTables init code
**************************************************

3001EB52  B082     		sub sp, sp, #8
3001EB54  F8CD E000		str lr, [sp]
3001EB58  E92D 0FF0		stmdb sp!, { r4, r5, r6, r7, r8, r9, r10, r11 }

3001EB5C  E8BD 0FF0		ldmia sp!, { r4, r5, r6, r7, r8, r9, r10, r11 }
3001EB60  F8DD E000		ldr lr, [sp]
3001EB64  B002     		add sp, sp, #8

3001EB66  4770     		bx lr



********************************************
MEMORY MAP
********************************************

Code area type:          		       main code
Start code area:          		000000003001E400h
End code area:            		000000003001EC98h
Code size:                		00000898h

Start local data area:    		0000000020000298h
End local data area:      		00000000200002C6h
Local data size:          		0000002Eh

Start retentive data area:		000000003800F800h
End retentive data area:  		000000003800F800h
Retentive data size:      		00000000h

Start bit data area:      		0000000000000000h
End bit data area:        		0000000000000000h
Bit data size:            		00000000h



********************************************
CODE ID:                                88DDD110
DEBUG MEMO ID:                          3001E91E
FULL MEMO ID:                           0000202E
********************************************
