***********************************************************************
*
*	DYNAMIC LINK AND INDIRECT ALLOCATION LISTING FOR: StartOver3
*
***********************************************************************


***************************************************
	 FIRST CODE AREA
***************************************************

***************************************************
	 DATABLOCK PATCHES
***************************************************
*
* List of data blocks that will be checked run-time for consistency with
* their definition available at compile-time
*
*
*	REQUIREMENTS for DATA BLOCK %M200
*		Process image: 0
*		Number of elements: 2048
*		Data size (bytes): 2
0000	00 00 C8 00 00 08 00 00 02 00 00 00 

*
*	REQUIREMENTS for DATA BLOCK %Q0
*		Process image: 0
*		Number of elements: 4
*		Data size (bytes): 1
000C	00 02 00 00 04 00 00 00 01 00 00 00 

*
*	REQUIREMENTS for DATA BLOCK %I0
*		Process image: 0
*		Number of elements: 8
*		Data size (bytes): 2
0018	00 01 00 00 08 00 00 00 02 00 00 00 

*
* List of all references to data allocated on data blocks
* along with the whole information required by the run-time linker
*
*
*	1 REFERENCE(S) TO 8-BIT VAR AT BYTE #2 OF DATA BLOCK %M200
0000	00 00 C8 00 02 00 00 00 00 01 01 00 

*		Instruction type: 0x00
*		Code offset: 0x000004FC
000C	FC 04 00 00 

*
*	1 REFERENCE(S) TO 8-BIT VAR AT BYTE #0 OF DATA BLOCK %I0
0010	00 00 00 00 00 00 00 00 01 01 01 00 

*		Instruction type: 0x00
*		Code offset: 0x0000050C
001C	0C 05 00 00 

*
*	1 REFERENCE(S) TO 8-BIT VAR AT BYTE #1 OF DATA BLOCK %Q0
0020	00 00 00 00 01 00 00 00 02 01 01 00 

*		Instruction type: 0x00
*		Code offset: 0x00000508
002C	08 05 00 00 

*
*	1 REFERENCE(S) TO 16-BIT VAR AT BYTE #0 OF DATA BLOCK %M200
0030	00 00 C8 00 00 00 00 00 00 02 01 00 

*		Instruction type: 0x00
*		Code offset: 0x000005B8
003C	B8 05 00 00 

*
*	1 REFERENCE(S) TO 8-BIT VAR AT BYTE #0 OF DATA BLOCK %Q0
0040	00 00 00 00 00 00 00 00 02 01 01 00 

*		Instruction type: 0x00
*		Code offset: 0x00000504
004C	04 05 00 00 

*
*	1 REFERENCE(S) TO 16-BIT VAR AT BYTE #4 OF DATA BLOCK %M200
0050	00 00 C8 00 04 00 00 00 00 02 01 00 

*		Instruction type: 0x00
*		Code offset: 0x00000500
005C	00 05 00 00 

*
*	1 REFERENCE(S) TO 8-BIT VAR AT BYTE #0 OF DATA BLOCK %M200
0060	00 00 C8 00 00 00 00 00 00 01 01 00 

*		Instruction type: 0x00
*		Code offset: 0x000004F8
006C	F8 04 00 00 


***************************************************
	 FUNCTION PATCHES
***************************************************

NAME: sysCfgAnalogRes  - NUM: 1
	 Patch - TYPE: 0x0 - CODE OFFSET: 0x00000684

NAME: sysCfgProgInput  - NUM: 1
	 Patch - TYPE: 0x0 - CODE OFFSET: 0x00000688

NAME: sysDBase_SetExtTable  - NUM: 1
	 Patch - TYPE: 0x0 - CODE OFFSET: 0x000005A8
